Archive member included because of file (symbol)

/usr/local/avr/lib/gcc/avr/4.4.3/avr5/libgcc.a(_mulsi3.o)
                              obj/Debug/Tone.o (__mulsi3)
/usr/local/avr/lib/gcc/avr/4.4.3/avr5/libgcc.a(_udivmodsi4.o)
                              obj/Debug/HardwareSerial.o (__udivmodsi4)
/usr/local/avr/lib/gcc/avr/4.4.3/avr5/libgcc.a(_divmodsi4.o)
                              obj/Debug/WMath.o (__divmodsi4)
/usr/local/avr/lib/gcc/avr/4.4.3/avr5/libgcc.a(_exit.o)
                              /usr/local/avr/lib/gcc/avr/4.4.3/../../../../avr/lib/avr5/crtm168p.o (exit)
/usr/local/avr/lib/gcc/avr/4.4.3/avr5/libgcc.a(_copy_data.o)
                              obj/Debug/HardwareSerial.o (__do_copy_data)
/usr/local/avr/lib/gcc/avr/4.4.3/avr5/libgcc.a(_clear_bss.o)
                              obj/Debug/HardwareSerial.o (__do_clear_bss)
/usr/local/avr/lib/gcc/avr/4.4.3/avr5/libgcc.a(_ctors.o)
                              obj/Debug/HardwareSerial.o (__do_global_ctors)
/usr/local/avr/lib/gcc/avr/4.4.3/avr5/libgcc.a(_fixunssfsi.o)
                              obj/Debug/Print.o (__fixunssfsi)
/usr/local/avr/lib/gcc/avr/4.4.3/avr5/libgcc.a(_addsub_sf.o)
                              obj/Debug/Print.o (__subsf3)
/usr/local/avr/lib/gcc/avr/4.4.3/avr5/libgcc.a(_mul_sf.o)
                              obj/Debug/Print.o (__mulsf3)
/usr/local/avr/lib/gcc/avr/4.4.3/avr5/libgcc.a(_div_sf.o)
                              obj/Debug/Print.o (__divsf3)
/usr/local/avr/lib/gcc/avr/4.4.3/avr5/libgcc.a(_ge_sf.o)
                              /usr/local/avr/lib/gcc/avr/4.4.3/avr5/libgcc.a(_fixunssfsi.o) (__gesf2)
/usr/local/avr/lib/gcc/avr/4.4.3/avr5/libgcc.a(_lt_sf.o)
                              obj/Debug/Print.o (__ltsf2)
/usr/local/avr/lib/gcc/avr/4.4.3/avr5/libgcc.a(_si_to_sf.o)
                              obj/Debug/Print.o (__floatsisf)
/usr/local/avr/lib/gcc/avr/4.4.3/avr5/libgcc.a(_sf_to_si.o)
                              obj/Debug/Print.o (__fixsfsi)
/usr/local/avr/lib/gcc/avr/4.4.3/avr5/libgcc.a(_thenan_sf.o)
                              /usr/local/avr/lib/gcc/avr/4.4.3/avr5/libgcc.a(_addsub_sf.o) (__thenan_sf)
/usr/local/avr/lib/gcc/avr/4.4.3/avr5/libgcc.a(_usi_to_sf.o)
                              obj/Debug/Print.o (__floatunsisf)
/usr/local/avr/lib/gcc/avr/4.4.3/avr5/libgcc.a(_prologue.o)
                              /usr/local/avr/lib/gcc/avr/4.4.3/avr5/libgcc.a(_addsub_sf.o) (__prologue_saves__)
/usr/local/avr/lib/gcc/avr/4.4.3/avr5/libgcc.a(_epilogue.o)
                              /usr/local/avr/lib/gcc/avr/4.4.3/avr5/libgcc.a(_addsub_sf.o) (__epilogue_restores__)
/usr/local/avr/lib/gcc/avr/4.4.3/avr5/libgcc.a(_tablejump.o)
                              /usr/local/avr/lib/gcc/avr/4.4.3/avr5/libgcc.a(_ctors.o) (__tablejump__)
/usr/local/avr/lib/gcc/avr/4.4.3/avr5/libgcc.a(_clzsi2.o)
                              /usr/local/avr/lib/gcc/avr/4.4.3/avr5/libgcc.a(_si_to_sf.o) (__clzsi2)
/usr/local/avr/lib/gcc/avr/4.4.3/avr5/libgcc.a(_pack_sf.o)
                              /usr/local/avr/lib/gcc/avr/4.4.3/avr5/libgcc.a(_addsub_sf.o) (__pack_f)
/usr/local/avr/lib/gcc/avr/4.4.3/avr5/libgcc.a(_unpack_sf.o)
                              /usr/local/avr/lib/gcc/avr/4.4.3/avr5/libgcc.a(_addsub_sf.o) (__unpack_f)
/usr/local/avr/lib/gcc/avr/4.4.3/avr5/libgcc.a(_fpcmp_parts_sf.o)
                              /usr/local/avr/lib/gcc/avr/4.4.3/avr5/libgcc.a(_ge_sf.o) (__fpcmp_parts_f)
/usr/local/avr/lib/gcc/avr/4.4.3/avr5/libgcc.a(_clz.o)
                              /usr/local/avr/lib/gcc/avr/4.4.3/avr5/libgcc.a(_clzsi2.o) (__clz_tab)
/usr/local/avr/lib/gcc/avr/4.4.3/../../../../avr/lib/avr5/libc.a(malloc.o)
                              obj/Debug/WString.o (malloc)
/usr/local/avr/lib/gcc/avr/4.4.3/../../../../avr/lib/avr5/libc.a(random.o)
                              obj/Debug/WMath.o (random)
/usr/local/avr/lib/gcc/avr/4.4.3/../../../../avr/lib/avr5/libc.a(realloc.o)
                              obj/Debug/WString.o (realloc)
/usr/local/avr/lib/gcc/avr/4.4.3/../../../../avr/lib/avr5/libc.a(atol.o)
                              obj/Debug/WString.o (atol)
/usr/local/avr/lib/gcc/avr/4.4.3/../../../../avr/lib/avr5/libc.a(isspace.o)
                              obj/Debug/WString.o (isspace)
/usr/local/avr/lib/gcc/avr/4.4.3/../../../../avr/lib/avr5/libc.a(tolower.o)
                              obj/Debug/WString.o (tolower)
/usr/local/avr/lib/gcc/avr/4.4.3/../../../../avr/lib/avr5/libc.a(toupper.o)
                              obj/Debug/WString.o (toupper)
/usr/local/avr/lib/gcc/avr/4.4.3/../../../../avr/lib/avr5/libc.a(memcpy.o)
                              /usr/local/avr/lib/gcc/avr/4.4.3/../../../../avr/lib/avr5/libc.a(realloc.o) (memcpy)
/usr/local/avr/lib/gcc/avr/4.4.3/../../../../avr/lib/avr5/libc.a(strcat.o)
                              obj/Debug/WString.o (strcat)
/usr/local/avr/lib/gcc/avr/4.4.3/../../../../avr/lib/avr5/libc.a(strchr.o)
                              obj/Debug/WString.o (strchr)
[...]
Memory Configuration

Name             Origin             Length             Attributes
text             0x00000000         0x00020000         xr
data             0x00800060         0x0000ffa0         rw !x
eeprom           0x00810000         0x00010000         rw !x
fuse             0x00820000         0x00000400         rw !x
lock             0x00830000         0x00000400         rw !x
signature        0x00840000         0x00000400         rw !x
*default*        0x00000000         0xffffffff

Linker script and memory map

Address of section .data set to 0x800100
LOAD /usr/local/avr/lib/gcc/avr/4.4.3/../../../../avr/lib/avr5/crtm168p.o
LOAD obj/Debug/HardwareSerial.o
LOAD obj/Debug/Print.o
LOAD obj/Debug/Tone.o
LOAD obj/Debug/WInterrupts.o
LOAD obj/Debug/WMath.o
LOAD obj/Debug/WString.o
LOAD obj/Debug/main.o
LOAD obj/Debug/pins_arduino.o
LOAD obj/Debug/wiring.o
LOAD obj/Debug/wiring_analog.o
LOAD obj/Debug/wiring_digital.o
LOAD obj/Debug/wiring_pulse.o
LOAD obj/Debug/wiring_shift.o
LOAD /usr/local/avr/lib/gcc/avr/4.4.3/avr5/libgcc.a
LOAD /usr/local/avr/lib/gcc/avr/4.4.3/../../../../avr/lib/avr5/libm.a
LOAD /usr/local/avr/lib/gcc/avr/4.4.3/avr5/libgcc.a
LOAD /usr/local/avr/lib/gcc/avr/4.4.3/../../../../avr/lib/avr5/libc.a
LOAD /usr/local/avr/lib/gcc/avr/4.4.3/avr5/libgcc.a

.hash
 *(.hash)

.dynsym
 *(.dynsym)

.dynstr
 *(.dynstr)

.gnu.version
 *(.gnu.version)

.gnu.version_d
 *(.gnu.version_d)

.gnu.version_r
 *(.gnu.version_r)

.rel.init
 *(.rel.init)

.rela.init
 *(.rela.init)

.rel.text
 *(.rel.text)
 *(.rel.text.*)
 *(.rel.gnu.linkonce.t*)

.rela.text
 *(.rela.text)
 *(.rela.text.*)
 *(.rela.gnu.linkonce.t*)

.rel.fini
 *(.rel.fini)

.rela.fini
 *(.rela.fini)

.rel.rodata
 *(.rel.rodata)
 *(.rel.rodata.*)
 *(.rel.gnu.linkonce.r*)

.rela.rodata
 *(.rela.rodata)
 *(.rela.rodata.*)
 *(.rela.gnu.linkonce.r*)

.rel.data
 *(.rel.data)
 *(.rel.data.*)
 *(.rel.gnu.linkonce.d*)

.rela.data
 *(.rela.data)
 *(.rela.data.*)
 *(.rela.gnu.linkonce.d*)

.rel.ctors
 *(.rel.ctors)

.rela.ctors
 *(.rela.ctors)

.rel.dtors
 *(.rel.dtors)

.rela.dtors
 *(.rela.dtors)

.rel.got
 *(.rel.got)

.rela.got
 *(.rela.got)

.rel.bss
 *(.rel.bss)

.rela.bss
 *(.rela.bss)

.rel.plt
 *(.rel.plt)

.rela.plt
 *(.rela.plt)

.text           0x00000000     0x3f1e
 *(.vectors)
 .vectors       0x00000000       0x68 /usr/local/avr/lib/gcc/avr/4.4.3/../../../../avr/lib/avr5/crtm168p.o
                0x00000000                __vectors
                0x00000000                __vector_default
 *(.vectors)
 *(.progmem.gcc*)
 *(.progmem*)
 .progmem.data  0x00000068        0x1 obj/Debug/Tone.o
 .progmem.data  0x00000069       0x5a obj/Debug/pins_arduino.o
                0x00000069                port_to_mode_PGM
                0x00000073                port_to_output_PGM
                0x0000007d                port_to_input_PGM
                0x00000087                digital_pin_to_port_PGM
                0x0000009b                digital_pin_to_bit_mask_PGM
                0x000000af                digital_pin_to_timer_PGM
                0x000000c4                . = ALIGN (0x2)
 *fill*         0x000000c3        0x1 00
                0x000000c4                __trampolines_start = .
 *(.trampolines)
 .trampolines   0x000000c4        0x0 linker stubs
 *(.trampolines*)
                0x000000c4                __trampolines_end = .
 *(.jumptables)
 *(.jumptables*)
 *(.lowtext)
 *(.lowtext*)
                0x000000c4                __ctors_start = .
 *(.ctors)
 .ctors         0x000000c4        0x2 obj/Debug/HardwareSerial.o
                0x000000c6                __ctors_end = .
                0x000000c6                __dtors_start = .
 *(.dtors)
                0x000000c6                __dtors_end = .
 SORT(*)(.ctors)
 SORT(*)(.dtors)
 *(.init0)
 .init0         0x000000c6        0x0 /usr/local/avr/lib/gcc/avr/4.4.3/../../../../avr/lib/avr5/crtm168p.o
                0x000000c6                __init
 *(.init0)
 *(.init1)
 *(.init1)
 *(.init2)
 .init2         0x000000c6        0xc /usr/local/avr/lib/gcc/avr/4.4.3/../../../../avr/lib/avr5/crtm168p.o
 *(.init2)
 *(.init3)
 *(.init3)
 *(.init4)
 .init4         0x000000d2       0x16 /usr/local/avr/lib/gcc/avr/4.4.3/avr5/libgcc.a(_copy_data.o)
                0x000000d2                __do_copy_data
 .init4         0x000000e8       0x10 /usr/local/avr/lib/gcc/avr/4.4.3/avr5/libgcc.a(_clear_bss.o)
                0x000000e8                __do_clear_bss
 *(.init4)
 *(.init5)
 *(.init5)
 *(.init6)
 .init6         0x000000f8       0x16 /usr/local/avr/lib/gcc/avr/4.4.3/avr5/libgcc.a(_ctors.o)
                0x000000f8                __do_global_ctors
 *(.init6)
 *(.init7)
 *(.init7)
 *(.init8)
 *(.init8)
 *(.init9)
 .init9         0x0000010e        0x8 /usr/local/avr/lib/gcc/avr/4.4.3/../../../../avr/lib/avr5/crtm168p.o
 *(.init9)
 *(.text)
 .text          0x00000116        0x4 /usr/local/avr/lib/gcc/avr/4.4.3/../../../../avr/lib/avr5/crtm168p.o
                0x00000116                __vector_22
                0x00000116                __vector_24
                0x00000116                __vector_12
                0x00000116                __bad_interrupt
                0x00000116                __vector_6
                0x00000116                __vector_3
                0x00000116                __vector_23
                0x00000116                __vector_25
                0x00000116                __vector_11
                0x00000116                __vector_13
                0x00000116                __vector_17
                0x00000116                __vector_19
                0x00000116                __vector_5
                0x00000116                __vector_4
                0x00000116                __vector_9
                0x00000116                __vector_21
                0x00000116                __vector_15
                0x00000116                __vector_8
                0x00000116                __vector_14
                0x00000116                __vector_10
                0x00000116                __vector_20
 .text          0x0000011a        0x0 obj/Debug/HardwareSerial.o
 .text          0x0000011a        0x0 obj/Debug/Print.o
 .text          0x0000011a        0x0 obj/Debug/Tone.o
 .text          0x0000011a        0x0 obj/Debug/WInterrupts.o
 .text          0x0000011a        0x0 obj/Debug/WMath.o
 .text          0x0000011a        0x0 obj/Debug/WString.o
 .text          0x0000011a        0x0 obj/Debug/main.o
 .text          0x0000011a        0x0 obj/Debug/pins_arduino.o
 .text          0x0000011a        0x0 obj/Debug/wiring.o
 .text          0x0000011a        0x0 obj/Debug/wiring_analog.o
 .text          0x0000011a        0x0 obj/Debug/wiring_digital.o
 .text          0x0000011a        0x0 obj/Debug/wiring_pulse.o
 .text          0x0000011a        0x0 obj/Debug/wiring_shift.o
 .text          0x0000011a        0x0 /usr/local/avr/lib/gcc/avr/4.4.3/avr5/libgcc.a(_mulsi3.o)
 .text          0x0000011a        0x0 /usr/local/avr/lib/gcc/avr/4.4.3/avr5/libgcc.a(_udivmodsi4.o)
 .text          0x0000011a        0x0 /usr/local/avr/lib/gcc/avr/4.4.3/avr5/libgcc.a(_divmodsi4.o)
 .text          0x0000011a        0x0 /usr/local/avr/lib/gcc/avr/4.4.3/avr5/libgcc.a(_exit.o)
 .text          0x0000011a        0x0 /usr/local/avr/lib/gcc/avr/4.4.3/avr5/libgcc.a(_copy_data.o)
 .text          0x0000011a        0x0 /usr/local/avr/lib/gcc/avr/4.4.3/avr5/libgcc.a(_clear_bss.o)
 .text          0x0000011a        0x0 /usr/local/avr/lib/gcc/avr/4.4.3/avr5/libgcc.a(_ctors.o)
 .text          0x0000011a       0x58 /usr/local/avr/lib/gcc/avr/4.4.3/avr5/libgcc.a(_fixunssfsi.o)
                0x0000011a                __fixunssfsi
 .text          0x00000172      0x35c /usr/local/avr/lib/gcc/avr/4.4.3/avr5/libgcc.a(_addsub_sf.o)
                0x00000412                __subsf3
                0x00000474                __addsf3
 .text          0x000004ce      0x1f0 /usr/local/avr/lib/gcc/avr/4.4.3/avr5/libgcc.a(_mul_sf.o)
                0x000004ce                __mulsf3
 .text          0x000006be      0x15c /usr/local/avr/lib/gcc/avr/4.4.3/avr5/libgcc.a(_div_sf.o)
                0x000006be                __divsf3
 .text          0x0000081a       0x60 /usr/local/avr/lib/gcc/avr/4.4.3/avr5/libgcc.a(_ge_sf.o)
                0x0000081a                __gesf2
 .text          0x0000087a       0x60 /usr/local/avr/lib/gcc/avr/4.4.3/avr5/libgcc.a(_lt_sf.o)
                0x0000087a                __ltsf2
 .text          0x000008da       0xba /usr/local/avr/lib/gcc/avr/4.4.3/avr5/libgcc.a(_si_to_sf.o)
                0x000008da                __floatsisf
 .text          0x00000994       0xa6 /usr/local/avr/lib/gcc/avr/4.4.3/avr5/libgcc.a(_sf_to_si.o)
                0x00000994                __fixsfsi
 .text          0x00000a3a        0x0 /usr/local/avr/lib/gcc/avr/4.4.3/avr5/libgcc.a(_thenan_sf.o)
 .text          0x00000a3a       0xf0 /usr/local/avr/lib/gcc/avr/4.4.3/avr5/libgcc.a(_usi_to_sf.o)
                0x00000a3a                __floatunsisf
 .text          0x00000b2a        0x0 /usr/local/avr/lib/gcc/avr/4.4.3/avr5/libgcc.a(_prologue.o)
 .text          0x00000b2a        0x0 /usr/local/avr/lib/gcc/avr/4.4.3/avr5/libgcc.a(_epilogue.o)
 .text          0x00000b2a        0x0 /usr/local/avr/lib/gcc/avr/4.4.3/avr5/libgcc.a(_tablejump.o)
 .text          0x00000b2a       0xb0 /usr/local/avr/lib/gcc/avr/4.4.3/avr5/libgcc.a(_clzsi2.o)
                0x00000b2a                __clzsi2
 .text          0x00000bda      0x19c /usr/local/avr/lib/gcc/avr/4.4.3/avr5/libgcc.a(_pack_sf.o)
                0x00000bda                __pack_f
 .text          0x00000d76       0xde /usr/local/avr/lib/gcc/avr/4.4.3/avr5/libgcc.a(_unpack_sf.o)
                0x00000d76                __unpack_f
 .text          0x00000e54       0xbe /usr/local/avr/lib/gcc/avr/4.4.3/avr5/libgcc.a(_fpcmp_parts_sf.o)
                0x00000e54                __fpcmp_parts_f
 .text          0x00000f12        0x0 /usr/local/avr/lib/gcc/avr/4.4.3/avr5/libgcc.a(_clz.o)
 .text          0x00000f12        0x0 /usr/local/avr/lib/gcc/avr/4.4.3/../../../../avr/lib/avr5/libc.a(malloc.o)
 .text          0x00000f12        0x0 /usr/local/avr/lib/gcc/avr/4.4.3/../../../../avr/lib/avr5/libc.a(random.o)
 .text          0x00000f12        0x0 /usr/local/avr/lib/gcc/avr/4.4.3/../../../../avr/lib/avr5/libc.a(realloc.o)
 .text          0x00000f12        0x0 /usr/local/avr/lib/gcc/avr/4.4.3/../../../../avr/lib/avr5/libc.a(atol.o)
 .text          0x00000f12        0x0 /usr/local/avr/lib/gcc/avr/4.4.3/../../../../avr/lib/avr5/libc.a(isspace.o)
 .text          0x00000f12        0x0 /usr/local/avr/lib/gcc/avr/4.4.3/../../../../avr/lib/avr5/libc.a(tolower.o)
 .text          0x00000f12        0x0 /usr/local/avr/lib/gcc/avr/4.4.3/../../../../avr/lib/avr5/libc.a(toupper.o)
 .text          0x00000f12        0x0 /usr/local/avr/lib/gcc/avr/4.4.3/../../../../avr/lib/avr5/libc.a(memcpy.o)
 .text          0x00000f12        0x0 /usr/local/avr/lib/gcc/avr/4.4.3/../../../../avr/lib/avr5/libc.a(strcat.o)
 .text          0x00000f12        0x0 /usr/local/avr/lib/gcc/avr/4.4.3/../../../../avr/lib/avr5/libc.a(strchr.o)
 .text          0x00000f12        0x0 /usr/local/avr/lib/gcc/avr/4.4.3/../../../../avr/lib/avr5/libc.a(strcmp.o)
 .text          0x00000f12        0x0 /usr/local/avr/lib/gcc/avr/4.4.3/../../../../avr/lib/avr5/libc.a(strcpy.o)
 .text          0x00000f12        0x0 /usr/local/avr/lib/gcc/avr/4.4.3/../../../../avr/lib/avr5/libc.a(strncmp.o)
 .text          0x00000f12        0x0 /usr/local/avr/lib/gcc/avr/4.4.3/../../../../avr/lib/avr5/libc.a(strncpy.o)
 .text          0x00000f12        0x0 /usr/local/avr/lib/gcc/avr/4.4.3/../../../../avr/lib/avr5/libc.a(strrchr.o)
 .text          0x00000f12        0x0 /usr/local/avr/lib/gcc/avr/4.4.3/../../../../avr/lib/avr5/libc.a(strstr.o)
 .text          0x00000f12        0x0 /usr/local/avr/lib/gcc/avr/4.4.3/../../../../avr/lib/avr5/libc.a(itoa.o)
 .text          0x00000f12        0x0 /usr/local/avr/lib/gcc/avr/4.4.3/../../../../avr/lib/avr5/libc.a(ltoa.o)
 .text          0x00000f12        0x0 /usr/local/avr/lib/gcc/avr/4.4.3/../../../../avr/lib/avr5/libc.a(mulsi10.o)
 .text          0x00000f12        0x0 /usr/local/avr/lib/gcc/avr/4.4.3/../../../../avr/lib/avr5/libc.a(ultoa.o)
 .text          0x00000f12        0x0 /usr/local/avr/lib/gcc/avr/4.4.3/../../../../avr/lib/avr5/libc.a(cty_isfalse.o)
 .text          0x00000f12        0x0 /usr/local/avr/lib/gcc/avr/4.4.3/../../../../avr/lib/avr5/libc.a(strrev.o)
 .text          0x00000f12        0x0 /usr/local/avr/lib/gcc/avr/4.4.3/avr5/libgcc.a(_udivmodhi4.o)
                0x00000f12                . = ALIGN (0x2)
 *(.text.*)
 .text.__vector_18
                0x00000f12       0x6a obj/Debug/HardwareSerial.o
                0x00000f12                __vector_18
 .text._ZN14HardwareSerialC2EP11ring_bufferPVhS3_S3_S3_S3_hhhhh
                0x00000f7c       0x60 obj/Debug/HardwareSerial.o
                0x00000f7c                HardwareSerial::HardwareSerial(ring_buffer*, unsigned char volatile*, unsigned char volatile*, unsigned char volatile*, unsigned char volatile*, unsigned char volatile*, unsigned char, unsigned char, unsigned char, unsigned char, unsigned char)
 .text._ZN14HardwareSerialC1EP11ring_bufferPVhS3_S3_S3_S3_hhhhh
                0x00000fdc       0x60 obj/Debug/HardwareSerial.o
                0x00000fdc                HardwareSerial::HardwareSerial(ring_buffer*, unsigned char volatile*, unsigned char volatile*, unsigned char volatile*, unsigned char volatile*, unsigned char volatile*, unsigned char, unsigned char, unsigned char, unsigned char, unsigned char)
 .text._ZN14HardwareSerial5beginEl
                0x0000103c       0xb2 obj/Debug/HardwareSerial.o
                0x0000103c                HardwareSerial::begin(long)
 .text._ZN14HardwareSerial3endEv
                0x000010ee       0x58 obj/Debug/HardwareSerial.o
                0x000010ee                HardwareSerial::end()
 .text._ZN14HardwareSerial9availableEv
                0x00001146       0x26 obj/Debug/HardwareSerial.o
                0x00001146                HardwareSerial::available()
 .text._ZN14HardwareSerial4peekEv
                0x0000116c       0x34 obj/Debug/HardwareSerial.o
                0x0000116c                HardwareSerial::peek()
 .text._ZN14HardwareSerial4readEv
                0x000011a0       0x44 obj/Debug/HardwareSerial.o
                0x000011a0                HardwareSerial::read()
 .text._ZN14HardwareSerial5flushEv
                0x000011e4       0x22 obj/Debug/HardwareSerial.o
                0x000011e4                HardwareSerial::flush()
 .text._ZN14HardwareSerial5writeEh
                0x00001206       0x26 obj/Debug/HardwareSerial.o
                0x00001206                HardwareSerial::write(unsigned char)
 .text._GLOBAL__I_rx_buffer
                0x0000122c       0x74 obj/Debug/HardwareSerial.o
 .text._ZN5Print5writeEPKc
                0x000012a0       0x32 obj/Debug/Print.o
                0x000012a0                Print::write(char const*)
 .text._ZN5Print5writeEPKhj
                0x000012d2       0x42 obj/Debug/Print.o
                0x000012d2                Print::write(unsigned char const*, unsigned int)
 .text._ZN5Print5printEPKc
                0x00001314       0x10 obj/Debug/Print.o
                0x00001314                Print::print(char const*)
 .text._ZN5Print5printERK6String
                0x00001324       0x54 obj/Debug/Print.o
                0x00001324                Print::print(String const&)
 .text._ZN5Print11printNumberEmh
                0x00001378      0x132 obj/Debug/Print.o
                0x00001378                Print::printNumber(unsigned long, unsigned char)
 .text._ZN5Print5printEmi
                0x000014aa       0x1e obj/Debug/Print.o
                0x000014aa                Print::print(unsigned long, int)
 .text._ZN5Print5printEji
                0x000014c8        0xe obj/Debug/Print.o
                0x000014c8                Print::print(unsigned int, int)
 .text._ZN5Print5printEhi
                0x000014d6       0x10 obj/Debug/Print.o
                0x000014d6                Print::print(unsigned char, int)
 .text._ZN5Print5printEli
                0x000014e6       0x6c obj/Debug/Print.o
                0x000014e6                Print::print(long, int)
 .text._ZN5Print5printEii
                0x00001552       0x26 obj/Debug/Print.o
                0x00001552                Print::print(int, int)
 .text._ZN5Print5printEci
                0x00001578       0x14 obj/Debug/Print.o
                0x00001578                Print::print(char, int)
 .text._ZN5Print7printlnEv
                0x0000158c       0x2e obj/Debug/Print.o
                0x0000158c                Print::println()
 .text._ZN5Print7printlnEmi
                0x000015ba       0x16 obj/Debug/Print.o
                0x000015ba                Print::println(unsigned long, int)
 .text._ZN5Print7printlnEji
                0x000015d0       0x1e obj/Debug/Print.o
                0x000015d0                Print::println(unsigned int, int)
 .text._ZN5Print7printlnEhi
                0x000015ee       0x20 obj/Debug/Print.o
                0x000015ee                Print::println(unsigned char, int)
 .text._ZN5Print7printlnEPKc
                0x0000160e       0x16 obj/Debug/Print.o
                0x0000160e                Print::println(char const*)
 .text._ZN5Print7printlnERK6String
                0x00001624       0x16 obj/Debug/Print.o
                0x00001624                Print::println(String const&)
 .text._ZN5Print7printlnEli
                0x0000163a       0x16 obj/Debug/Print.o
                0x0000163a                Print::println(long, int)
 .text._ZN5Print7printlnEii
                0x00001650       0x26 obj/Debug/Print.o
                0x00001650                Print::println(int, int)
 .text._ZN5Print7printlnEci
                0x00001676       0x24 obj/Debug/Print.o
                0x00001676                Print::println(char, int)
 .text._ZN5Print10printFloatEdh
                0x0000169a      0x148 obj/Debug/Print.o
                0x0000169a                Print::printFloat(double, unsigned char)
 .text._ZN5Print5printEdi
                0x000017e2        0x6 obj/Debug/Print.o
                0x000017e2                Print::print(double, int)
 .text._ZN5Print7printlnEdi
                0x000017e8       0x16 obj/Debug/Print.o
                0x000017e8                Print::println(double, int)
 .text._Z12disableTimerh
                0x000017fe       0x42 obj/Debug/Tone.o
                0x000017fe                disableTimer(unsigned char)
 .text._Z6noToneh
                0x00001840       0x2c obj/Debug/Tone.o
                0x00001840                noTone(unsigned char)
 .text.__vector_7
                0x0000186c       0xb8 obj/Debug/Tone.o
                0x0000186c                __vector_7
 .text._Z4tonehjm
                0x00001924      0x426 obj/Debug/Tone.o
                0x00001924                tone(unsigned char, unsigned int, unsigned long)
 .text.attachInterrupt
                0x00001d4a       0x40 obj/Debug/WInterrupts.o
                0x00001d4a                attachInterrupt
 .text.detachInterrupt
                0x00001d8a       0x20 obj/Debug/WInterrupts.o
                0x00001d8a                detachInterrupt
 .text.__vector_1
                0x00001daa       0x5a obj/Debug/WInterrupts.o
                0x00001daa                __vector_1
 .text.__vector_2
                0x00001e04       0x5a obj/Debug/WInterrupts.o
                0x00001e04                __vector_2
 .text._Z3maplllll
                0x00001e5e       0x92 obj/Debug/WMath.o
                0x00001e5e                map(long, long, long, long, long)
 .text._Z8makeWordj
                0x00001ef0        0x2 obj/Debug/WMath.o
                0x00001ef0                makeWord(unsigned int)
 .text._Z8makeWordhh
                0x00001ef2        0xe obj/Debug/WMath.o
                0x00001ef2                makeWord(unsigned char, unsigned char)
 .text._Z6randoml
                0x00001f00       0x4a obj/Debug/WMath.o
                0x00001f00                random(long)
 .text._Z6randomll
                0x00001f4a       0x3c obj/Debug/WMath.o
                0x00001f4a                random(long, long)
 .text._Z10randomSeedj
                0x00001f86       0x10 obj/Debug/WMath.o
                0x00001f86                randomSeed(unsigned int)
 .text._ZNK6String6charAtEj
                0x00001f96       0x10 obj/Debug/WString.o
                0x00001f96                String::charAt(unsigned int) const
 .text._ZN6String9setCharAtEjc
                0x00001fa6       0x1e obj/Debug/WString.o
                0x00001fa6                String::setCharAt(unsigned int, char)
 .text._ZN6StringixEj
                0x00001fc4       0x26 obj/Debug/WString.o
                0x00001fc4                String::operator[](unsigned int)
 .text._ZNK6StringixEj
                0x00001fea       0x10 obj/Debug/WString.o
                0x00001fea                String::operator[](unsigned int) const
 .text._ZN6String5toIntEv
                0x00001ffa        0xc obj/Debug/WString.o
                0x00001ffa                String::toInt()
 .text._ZN6String11toCharArrayEPcj
                0x00002006       0x44 obj/Debug/WString.o
                0x00002006                String::toCharArray(char*, unsigned int)
 .text._ZN6String8getBytesEPhj
                0x0000204a       0x44 obj/Debug/WString.o
                0x0000204a                String::getBytes(unsigned char*, unsigned int)
 .text._ZN6StringD1Ev
                0x0000208e       0x1c obj/Debug/WString.o
                0x0000208e                String::~String()
 .text._ZNK6String10startsWithERKS_j
                0x000020aa       0x3e obj/Debug/WString.o
                0x000020aa                String::startsWith(String const&, unsigned int) const
 .text._ZNK6String10startsWithERKS_
                0x000020e8       0x20 obj/Debug/WString.o
                0x000020e8                String::startsWith(String const&) const
 .text._ZNK6String11lastIndexOfEcj
                0x00002108       0x6a obj/Debug/WString.o
                0x00002108                String::lastIndexOf(char, unsigned int) const
 .text._ZNK6String11lastIndexOfEc
                0x00002172       0x10 obj/Debug/WString.o
                0x00002172                String::lastIndexOf(char) const
 .text._ZNK6String7indexOfERKS_j
                0x00002182       0x3c obj/Debug/WString.o
                0x00002182                String::indexOf(String const&, unsigned int) const
 .text._ZNK6String7indexOfERKS_
                0x000021be        0xa obj/Debug/WString.o
                0x000021be                String::indexOf(String const&) const
 .text._ZNK6String7indexOfEcj
                0x000021c8       0x3c obj/Debug/WString.o
                0x000021c8                String::indexOf(char, unsigned int) const
 .text._ZNK6String7indexOfEc
                0x00002204        0xa obj/Debug/WString.o
                0x00002204                String::indexOf(char) const
 .text._ZNK6String6equalsERKS_
                0x0000220e       0x34 obj/Debug/WString.o
                0x0000220e                String::equals(String const&) const
 .text._ZNK6String8endsWithERKS_
                0x00002242       0x3c obj/Debug/WString.o
                0x00002242                String::endsWith(String const&) const
 .text._ZNK6StringgeERKS_
                0x0000227e       0x28 obj/Debug/WString.o
                0x0000227e                String::operator>=(String const&) const
 .text._ZNK6StringleERKS_
                0x000022a6       0x22 obj/Debug/WString.o
                0x000022a6                String::operator<=(String const&) const
 .text._ZNK6StringgtERKS_
                0x000022c8       0x22 obj/Debug/WString.o
                0x000022c8                String::operator>(String const&) const
 .text._ZNK6StringltERKS_
                0x000022ea       0x24 obj/Debug/WString.o
                0x000022ea                String::operator<(String const&) const
 .text._ZNK6StringneERKS_
                0x0000230e       0x32 obj/Debug/WString.o
                0x0000230e                String::operator!=(String const&) const
 .text._ZNK6StringeqERKS_
                0x00002340       0x36 obj/Debug/WString.o
                0x00002340                String::operator==(String const&) const
 .text._ZNK6String9compareToERKS_
                0x00002376       0x12 obj/Debug/WString.o
                0x00002376                String::compareTo(String const&) const
 .text._ZN6StringpLERKS_
                0x00002388       0x7c obj/Debug/WString.o
                0x00002388                String::operator+=(String const&)
 .text._ZN6String6concatERKS_
                0x00002404        0x6 obj/Debug/WString.o
                0x00002404                String::concat(String const&)
 .text._ZN6String9getBufferEj
                0x0000240a       0x28 obj/Debug/WString.o
                0x0000240a                String::getBuffer(unsigned int)
 .text._ZN6StringaSERKS_
                0x00002432       0x64 obj/Debug/WString.o
                0x00002432                String::operator=(String const&)
 .text._ZN6StringC1Eh
                0x00002496       0x34 obj/Debug/WString.o
                0x00002496                String::String(unsigned char)
 .text._ZN6StringC2Eh
                0x000024ca       0x34 obj/Debug/WString.o
                0x000024ca                String::String(unsigned char)
 .text._ZN6StringC1Ec
                0x000024fe       0x34 obj/Debug/WString.o
                0x000024fe                String::String(char)
 .text._ZN6StringC2Ec
                0x00002532       0x34 obj/Debug/WString.o
                0x00002532                String::String(char)
 .text._ZN6StringC1ERKS_
                0x00002566       0x36 obj/Debug/WString.o
                0x00002566                String::String(String const&)
 .text._ZN6StringC2ERKS_
                0x0000259c       0x36 obj/Debug/WString.o
                0x0000259c                String::String(String const&)
 .text._ZN6StringC1Emi
                0x000025d2       0x7a obj/Debug/WString.o
                0x000025d2                String::String(unsigned long, int)
 .text._ZN6StringC2Emi
                0x0000264c       0x7a obj/Debug/WString.o
                0x0000264c                String::String(unsigned long, int)
 .text._ZN6StringC1Eji
                0x000026c6       0x78 obj/Debug/WString.o
                0x000026c6                String::String(unsigned int, int)
 .text._ZN6StringC2Eji
                0x0000273e       0x78 obj/Debug/WString.o
                0x0000273e                String::String(unsigned int, int)
 .text._ZN6StringC1EPKc
                0x000027b6       0x5e obj/Debug/WString.o
                0x000027b6                String::String(char const*)
 .text._ZNK6String11toUpperCaseEv
                0x00002814       0x78 obj/Debug/WString.o
                0x00002814                String::toUpperCase() const
 .text._ZNK6String11toLowerCaseEv
                0x0000288c       0x78 obj/Debug/WString.o
                0x0000288c                String::toLowerCase() const
 .text._ZNK6String16equalsIgnoreCaseERKS_
                0x00002904       0x98 obj/Debug/WString.o
                0x00002904                String::equalsIgnoreCase(String const&) const
 .text._ZNK6String9substringEjj
                0x0000299c       0x68 obj/Debug/WString.o
                0x0000299c                String::substring(unsigned int, unsigned int) const
 .text._ZNK6String9substringEj
                0x00002a04       0x18 obj/Debug/WString.o
                0x00002a04                String::substring(unsigned int) const
 .text._ZNK6String11lastIndexOfERKS_j
                0x00002a1c       0xca obj/Debug/WString.o
                0x00002a1c                String::lastIndexOf(String const&, unsigned int) const
 .text._ZNK6String11lastIndexOfERKS_
                0x00002ae6       0x16 obj/Debug/WString.o
                0x00002ae6                String::lastIndexOf(String const&) const
 .text._ZNK6String4trimEv
                0x00002afc       0xe0 obj/Debug/WString.o
                0x00002afc                String::trim() const
 .text._ZN6String7replaceERKS_S1_
                0x00002bdc      0x12a obj/Debug/WString.o
                0x00002bdc                String::replace(String const&, String const&)
 .text._ZN6String7replaceEcc
                0x00002d06       0x92 obj/Debug/WString.o
                0x00002d06                String::replace(char, char)
 .text._ZN6StringC2EPKc
                0x00002d98       0x5e obj/Debug/WString.o
                0x00002d98                String::String(char const*)
 .text._ZN6StringC1Eli
                0x00002df6       0x76 obj/Debug/WString.o
                0x00002df6                String::String(long, int)
 .text._ZN6StringC2Eli
                0x00002e6c       0x76 obj/Debug/WString.o
                0x00002e6c                String::String(long, int)
 .text._ZN6StringC1Eii
                0x00002ee2       0x74 obj/Debug/WString.o
                0x00002ee2                String::String(int, int)
 .text._ZN6StringC2Eii
                0x00002f56       0x74 obj/Debug/WString.o
                0x00002f56                String::String(int, int)
 .text.__cxa_pure_virtual
                0x00002fca        0x4 obj/Debug/main.o
                0x00002fca                __cxa_pure_virtual
 .text.main     0x00002fce        0x2 obj/Debug/main.o
                0x00002fce                main
 .text.__vector_16
                0x00002fd0       0x90 obj/Debug/wiring.o
                0x00002fd0                __vector_16
 .text.millis   0x00003060       0x1c obj/Debug/wiring.o
                0x00003060                millis
 .text.micros   0x0000307c       0x4c obj/Debug/wiring.o
                0x0000307c                micros
 .text.delay    0x000030c8       0x4e obj/Debug/wiring.o
                0x000030c8                delay
 .text.delayMicroseconds
                0x00003116       0x14 obj/Debug/wiring.o
                0x00003116                delayMicroseconds
 .text.init     0x0000312a       0x76 obj/Debug/wiring.o
                0x0000312a                init
 .text.analogReference
                0x000031a0        0x6 obj/Debug/wiring_analog.o
                0x000031a0                analogReference
 .text.analogRead
                0x000031a6       0x42 obj/Debug/wiring_analog.o
                0x000031a6                analogRead
 .text.analogWrite
                0x000031e8       0xc0 obj/Debug/wiring_analog.o
                0x000031e8                analogWrite
 .text.pinMode  0x000032a8       0x4a obj/Debug/wiring_digital.o
                0x000032a8                pinMode
 .text.turnOffPWM
                0x000032f2       0x5a obj/Debug/wiring_digital.o
 .text.digitalWrite
                0x0000334c       0x72 obj/Debug/wiring_digital.o
                0x0000334c                digitalWrite
 .text.digitalRead
                0x000033be       0x58 obj/Debug/wiring_digital.o
                0x000033be                digitalRead
 .text.pulseIn  0x00003416      0x128 obj/Debug/wiring_pulse.o
                0x00003416                pulseIn
 .text.shiftOut
                0x0000353e       0x84 obj/Debug/wiring_shift.o
                0x0000353e                shiftOut
 .text.shiftIn  0x000035c2       0x84 obj/Debug/wiring_shift.o
                0x000035c2                shiftIn
 .text.libgcc   0x00003646       0x3e /usr/local/avr/lib/gcc/avr/4.4.3/avr5/libgcc.a(_mulsi3.o)
                0x00003646                __mulsi3
 .text.libgcc   0x00003684       0x44 /usr/local/avr/lib/gcc/avr/4.4.3/avr5/libgcc.a(_udivmodsi4.o)
                0x00003684                __udivmodsi4
 .text.libgcc   0x000036c8       0x36 /usr/local/avr/lib/gcc/avr/4.4.3/avr5/libgcc.a(_divmodsi4.o)
                0x000036c8                __divmodsi4
 .text.libgcc   0x000036fe        0x0 /usr/local/avr/lib/gcc/avr/4.4.3/avr5/libgcc.a(_exit.o)
 .text.libgcc   0x000036fe        0x0 /usr/local/avr/lib/gcc/avr/4.4.3/avr5/libgcc.a(_copy_data.o)
 .text.libgcc   0x000036fe        0x0 /usr/local/avr/lib/gcc/avr/4.4.3/avr5/libgcc.a(_clear_bss.o)
 .text.libgcc   0x000036fe        0x0 /usr/local/avr/lib/gcc/avr/4.4.3/avr5/libgcc.a(_ctors.o)
 .text.libgcc   0x000036fe       0x38 /usr/local/avr/lib/gcc/avr/4.4.3/avr5/libgcc.a(_prologue.o)
                0x000036fe                __prologue_saves__
 .text.libgcc   0x00003736       0x36 /usr/local/avr/lib/gcc/avr/4.4.3/avr5/libgcc.a(_epilogue.o)
                0x00003736                __epilogue_restores__
 .text.libgcc   0x0000376c        0xc /usr/local/avr/lib/gcc/avr/4.4.3/avr5/libgcc.a(_tablejump.o)
                0x0000376c                __tablejump2__
                0x00003770                __tablejump__
 .text.avr-libc
                0x00003778      0x272 /usr/local/avr/lib/gcc/avr/4.4.3/../../../../avr/lib/avr5/libc.a(malloc.o)
                0x00003778                malloc
                0x000038bc                free
 .text.avr-libc
                0x000039ea       0xc2 /usr/local/avr/lib/gcc/avr/4.4.3/../../../../avr/lib/avr5/libc.a(random.o)
                0x00003a8a                random_r
                0x00003a90                random
                0x00003a9a                srandom
 .text.avr-libc
                0x00003aac      0x1a2 /usr/local/avr/lib/gcc/avr/4.4.3/../../../../avr/lib/avr5/libc.a(realloc.o)
                0x00003aac                realloc
 .text.avr-libc
                0x00003c4e       0x4e /usr/local/avr/lib/gcc/avr/4.4.3/../../../../avr/lib/avr5/libc.a(atol.o)
                0x00003c4e                atol
 .text.avr-libc
                0x00003c9c       0x10 /usr/local/avr/lib/gcc/avr/4.4.3/../../../../avr/lib/avr5/libc.a(isspace.o)
                0x00003c9c                isspace
 .text.avr-libc
                0x00003cac       0x10 /usr/local/avr/lib/gcc/avr/4.4.3/../../../../avr/lib/avr5/libc.a(tolower.o)
                0x00003cac                tolower
 .text.avr-libc
                0x00003cbc       0x10 /usr/local/avr/lib/gcc/avr/4.4.3/../../../../avr/lib/avr5/libc.a(toupper.o)
                0x00003cbc                toupper
 .text.avr-libc
                0x00003ccc       0x12 /usr/local/avr/lib/gcc/avr/4.4.3/../../../../avr/lib/avr5/libc.a(memcpy.o)
                0x00003ccc                memcpy
 .text.avr-libc
                0x00003cde       0x16 /usr/local/avr/lib/gcc/avr/4.4.3/../../../../avr/lib/avr5/libc.a(strcat.o)
                0x00003cde                strcat
 .text.avr-libc
                0x00003cf4       0x16 /usr/local/avr/lib/gcc/avr/4.4.3/../../../../avr/lib/avr5/libc.a(strchr.o)
                0x00003cf4                strchr
 .text.avr-libc
                0x00003d0a       0x12 /usr/local/avr/lib/gcc/avr/4.4.3/../../../../avr/lib/avr5/libc.a(strcmp.o)
                0x00003d0a                strcmp
 .text.avr-libc
                0x00003d1c        0xe /usr/local/avr/lib/gcc/avr/4.4.3/../../../../avr/lib/avr5/libc.a(strcpy.o)
                0x00003d1c                strcpy
 .text.avr-libc
                0x00003d2a       0x1c /usr/local/avr/lib/gcc/avr/4.4.3/../../../../avr/lib/avr5/libc.a(strncmp.o)
                0x00003d2a                strncmp
 .text.avr-libc
                0x00003d46       0x1e /usr/local/avr/lib/gcc/avr/4.4.3/../../../../avr/lib/avr5/libc.a(strncpy.o)
                0x00003d46                strncpy
 .text.avr-libc
                0x00003d64       0x16 /usr/local/avr/lib/gcc/avr/4.4.3/../../../../avr/lib/avr5/libc.a(strrchr.o)
                0x00003d64                strrchr
 .text.avr-libc
                0x00003d7a       0x34 /usr/local/avr/lib/gcc/avr/4.4.3/../../../../avr/lib/avr5/libc.a(strstr.o)
                0x00003d7a                strstr
 .text.avr-libc
                0x00003dae       0x42 /usr/local/avr/lib/gcc/avr/4.4.3/../../../../avr/lib/avr5/libc.a(itoa.o)
                0x00003dae                itoa
 .text.avr-libc
                0x00003df0       0x68 /usr/local/avr/lib/gcc/avr/4.4.3/../../../../avr/lib/avr5/libc.a(ltoa.o)
                0x00003df0                ltoa
 .text.avr-libc
                0x00003e58       0x2a /usr/local/avr/lib/gcc/avr/4.4.3/../../../../avr/lib/avr5/libc.a(mulsi10.o)
                0x00003e58                __mulsi_const_10
 .text.avr-libc
                0x00003e82       0x4a /usr/local/avr/lib/gcc/avr/4.4.3/../../../../avr/lib/avr5/libc.a(ultoa.o)
                0x00003e82                ultoa
 .text.avr-libc
                0x00003ecc        0x6 /usr/local/avr/lib/gcc/avr/4.4.3/../../../../avr/lib/avr5/libc.a(cty_isfalse.o)
                0x00003ecc                __ctype_isfalse
                0x00003ed0                __ctype_istrue
 .text.avr-libc
                0x00003ed2       0x20 /usr/local/avr/lib/gcc/avr/4.4.3/../../../../avr/lib/avr5/libc.a(strrev.o)
                0x00003ed2                strrev
 .text.libgcc   0x00003ef2       0x28 /usr/local/avr/lib/gcc/avr/4.4.3/avr5/libgcc.a(_udivmodhi4.o)
                0x00003ef2                __udivmodhi4
                0x00003f1a                . = ALIGN (0x2)
 *(.fini9)
 .fini9         0x00003f1a        0x0 /usr/local/avr/lib/gcc/avr/4.4.3/avr5/libgcc.a(_exit.o)
                0x00003f1a                exit
                0x00003f1a                _exit
 *(.fini9)
 *(.fini8)
 *(.fini8)
 *(.fini7)
 *(.fini7)
 *(.fini6)
 *(.fini6)
 *(.fini5)
 *(.fini5)
 *(.fini4)
 *(.fini4)
 *(.fini3)
 *(.fini3)
 *(.fini2)
 *(.fini2)
 *(.fini1)
 *(.fini1)
 *(.fini0)
 .fini0         0x00003f1a        0x4 /usr/local/avr/lib/gcc/avr/4.4.3/avr5/libgcc.a(_exit.o)
 *(.fini0)
                0x00003f1e                _etext = .

.data           0x00800100      0x146 load address 0x00003f1e
                0x00800100                PROVIDE (__data_start, .)
 *(.data)
 .data          0x00800100        0x0 /usr/local/avr/lib/gcc/avr/4.4.3/../../../../avr/lib/avr5/crtm168p.o
 .data          0x00800100        0x0 obj/Debug/HardwareSerial.o
 .data          0x00800100        0x2 obj/Debug/Print.o
 .data          0x00800102        0x0 obj/Debug/Tone.o
 .data          0x00800102        0x0 obj/Debug/WInterrupts.o
 .data          0x00800102        0x0 obj/Debug/WMath.o
 .data          0x00800102        0x1 obj/Debug/WString.o
 .data          0x00800103        0x0 obj/Debug/main.o
 .data          0x00800103        0x0 obj/Debug/pins_arduino.o
 .data          0x00800103        0x0 obj/Debug/wiring.o
 .data          0x00800103        0x0 obj/Debug/wiring_analog.o
 .data          0x00800103        0x0 obj/Debug/wiring_digital.o
 .data          0x00800103        0x0 obj/Debug/wiring_pulse.o
 .data          0x00800103        0x0 obj/Debug/wiring_shift.o
 .data          0x00800103        0x0 /usr/local/avr/lib/gcc/avr/4.4.3/avr5/libgcc.a(_mulsi3.o)
 .data          0x00800103        0x0 /usr/local/avr/lib/gcc/avr/4.4.3/avr5/libgcc.a(_udivmodsi4.o)
 .data          0x00800103        0x0 /usr/local/avr/lib/gcc/avr/4.4.3/avr5/libgcc.a(_divmodsi4.o)
 .data          0x00800103        0x0 /usr/local/avr/lib/gcc/avr/4.4.3/avr5/libgcc.a(_exit.o)
 .data          0x00800103        0x0 /usr/local/avr/lib/gcc/avr/4.4.3/avr5/libgcc.a(_copy_data.o)
 .data          0x00800103        0x0 /usr/local/avr/lib/gcc/avr/4.4.3/avr5/libgcc.a(_clear_bss.o)
 .data          0x00800103        0x0 /usr/local/avr/lib/gcc/avr/4.4.3/avr5/libgcc.a(_ctors.o)
 .data          0x00800103        0x0 /usr/local/avr/lib/gcc/avr/4.4.3/avr5/libgcc.a(_fixunssfsi.o)
 .data          0x00800103        0x0 /usr/local/avr/lib/gcc/avr/4.4.3/avr5/libgcc.a(_addsub_sf.o)
 .data          0x00800103        0x0 /usr/local/avr/lib/gcc/avr/4.4.3/avr5/libgcc.a(_mul_sf.o)
 .data          0x00800103        0x0 /usr/local/avr/lib/gcc/avr/4.4.3/avr5/libgcc.a(_div_sf.o)
 .data          0x00800103        0x0 /usr/local/avr/lib/gcc/avr/4.4.3/avr5/libgcc.a(_ge_sf.o)
 .data          0x00800103        0x0 /usr/local/avr/lib/gcc/avr/4.4.3/avr5/libgcc.a(_lt_sf.o)
 .data          0x00800103        0x0 /usr/local/avr/lib/gcc/avr/4.4.3/avr5/libgcc.a(_si_to_sf.o)
 .data          0x00800103        0x0 /usr/local/avr/lib/gcc/avr/4.4.3/avr5/libgcc.a(_sf_to_si.o)
 .data          0x00800103        0x8 /usr/local/avr/lib/gcc/avr/4.4.3/avr5/libgcc.a(_thenan_sf.o)
                0x00800103                __thenan_sf
 .data          0x0080010b        0x0 /usr/local/avr/lib/gcc/avr/4.4.3/avr5/libgcc.a(_usi_to_sf.o)
 .data          0x0080010b        0x0 /usr/local/avr/lib/gcc/avr/4.4.3/avr5/libgcc.a(_prologue.o)
 .data          0x0080010b        0x0 /usr/local/avr/lib/gcc/avr/4.4.3/avr5/libgcc.a(_epilogue.o)
 .data          0x0080010b        0x0 /usr/local/avr/lib/gcc/avr/4.4.3/avr5/libgcc.a(_tablejump.o)
 .data          0x0080010b        0x0 /usr/local/avr/lib/gcc/avr/4.4.3/avr5/libgcc.a(_clzsi2.o)
 .data          0x0080010b        0x0 /usr/local/avr/lib/gcc/avr/4.4.3/avr5/libgcc.a(_pack_sf.o)
 .data          0x0080010b        0x0 /usr/local/avr/lib/gcc/avr/4.4.3/avr5/libgcc.a(_unpack_sf.o)
 .data          0x0080010b        0x0 /usr/local/avr/lib/gcc/avr/4.4.3/avr5/libgcc.a(_fpcmp_parts_sf.o)
 .data          0x0080010b      0x100 /usr/local/avr/lib/gcc/avr/4.4.3/avr5/libgcc.a(_clz.o)
                0x0080010b                __clz_tab
 .data          0x0080020b        0x6 /usr/local/avr/lib/gcc/avr/4.4.3/../../../../avr/lib/avr5/libc.a(malloc.o)
                0x0080020b                __malloc_margin
                0x0080020d                __malloc_heap_start
                0x0080020f                __malloc_heap_end
 .data          0x00800211        0x4 /usr/local/avr/lib/gcc/avr/4.4.3/../../../../avr/lib/avr5/libc.a(random.o)
 .data          0x00800215        0x0 /usr/local/avr/lib/gcc/avr/4.4.3/../../../../avr/lib/avr5/libc.a(realloc.o)
 .data          0x00800215        0x0 /usr/local/avr/lib/gcc/avr/4.4.3/../../../../avr/lib/avr5/libc.a(atol.o)
 .data          0x00800215        0x0 /usr/local/avr/lib/gcc/avr/4.4.3/../../../../avr/lib/avr5/libc.a(isspace.o)
 .data          0x00800215        0x0 /usr/local/avr/lib/gcc/avr/4.4.3/../../../../avr/lib/avr5/libc.a(tolower.o)
 .data          0x00800215        0x0 /usr/local/avr/lib/gcc/avr/4.4.3/../../../../avr/lib/avr5/libc.a(toupper.o)
 .data          0x00800215        0x0 /usr/local/avr/lib/gcc/avr/4.4.3/../../../../avr/lib/avr5/libc.a(memcpy.o)
 .data          0x00800215        0x0 /usr/local/avr/lib/gcc/avr/4.4.3/../../../../avr/lib/avr5/libc.a(strcat.o)
 .data          0x00800215        0x0 /usr/local/avr/lib/gcc/avr/4.4.3/../../../../avr/lib/avr5/libc.a(strchr.o)
 .data          0x00800215        0x0 /usr/local/avr/lib/gcc/avr/4.4.3/../../../../avr/lib/avr5/libc.a(strcmp.o)
 .data          0x00800215        0x0 /usr/local/avr/lib/gcc/avr/4.4.3/../../../../avr/lib/avr5/libc.a(strcpy.o)
 .data          0x00800215        0x0 /usr/local/avr/lib/gcc/avr/4.4.3/../../../../avr/lib/avr5/libc.a(strncmp.o)
 .data          0x00800215        0x0 /usr/local/avr/lib/gcc/avr/4.4.3/../../../../avr/lib/avr5/libc.a(strncpy.o)
 .data          0x00800215        0x0 /usr/local/avr/lib/gcc/avr/4.4.3/../../../../avr/lib/avr5/libc.a(strrchr.o)
 .data          0x00800215        0x0 /usr/local/avr/lib/gcc/avr/4.4.3/../../../../avr/lib/avr5/libc.a(strstr.o)
 .data          0x00800215        0x0 /usr/local/avr/lib/gcc/avr/4.4.3/../../../../avr/lib/avr5/libc.a(itoa.o)
 .data          0x00800215        0x0 /usr/local/avr/lib/gcc/avr/4.4.3/../../../../avr/lib/avr5/libc.a(ltoa.o)
 .data          0x00800215        0x0 /usr/local/avr/lib/gcc/avr/4.4.3/../../../../avr/lib/avr5/libc.a(mulsi10.o)
 .data          0x00800215        0x0 /usr/local/avr/lib/gcc/avr/4.4.3/../../../../avr/lib/avr5/libc.a(ultoa.o)
 .data          0x00800215        0x0 /usr/local/avr/lib/gcc/avr/4.4.3/../../../../avr/lib/avr5/libc.a(cty_isfalse.o)
 .data          0x00800215        0x0 /usr/local/avr/lib/gcc/avr/4.4.3/../../../../avr/lib/avr5/libc.a(strrev.o)
 .data          0x00800215        0x0 /usr/local/avr/lib/gcc/avr/4.4.3/avr5/libgcc.a(_udivmodhi4.o)
 *(.data*)
 .data._ZL9tone_pins
                0x00800215        0x1 obj/Debug/Tone.o
 .data.analog_reference
                0x00800216        0x1 obj/Debug/wiring_analog.o
                0x00800216                analog_reference
 *(.rodata)
 *(.rodata*)
 .rodata._ZTV14HardwareSerial
                0x00800217       0x12 obj/Debug/HardwareSerial.o
                0x00800217                vtable for HardwareSerial
 .rodata._ZTV6Stream
                0x00800229       0x12 obj/Debug/HardwareSerial.o
                0x00800229                vtable for Stream
 .rodata._ZTV5Print
                0x0080023b        0xa obj/Debug/Print.o
                0x0080023b                vtable for Print
 *(.gnu.linkonce.d*)
                0x00800246                . = ALIGN (0x2)
 *fill*         0x00800245        0x1 00
                0x00800246                _edata = .
                0x00800246                PROVIDE (__data_end, .)

.bss            0x00800246       0xbe
                0x00800246                PROVIDE (__bss_start, .)
 *(.bss)
 .bss           0x00800246        0x0 /usr/local/avr/lib/gcc/avr/4.4.3/../../../../avr/lib/avr5/crtm168p.o
 .bss           0x00800246        0x0 obj/Debug/HardwareSerial.o
 .bss           0x00800246        0x0 obj/Debug/Print.o
 .bss           0x00800246        0x0 obj/Debug/Tone.o
 .bss           0x00800246        0x0 obj/Debug/WInterrupts.o
 .bss           0x00800246        0x0 obj/Debug/WMath.o
 .bss           0x00800246        0x0 obj/Debug/WString.o
 .bss           0x00800246        0x0 obj/Debug/main.o
 .bss           0x00800246        0x0 obj/Debug/pins_arduino.o
 .bss           0x00800246        0x0 obj/Debug/wiring.o
 .bss           0x00800246        0x0 obj/Debug/wiring_analog.o
 .bss           0x00800246        0x0 obj/Debug/wiring_digital.o
 .bss           0x00800246        0x0 obj/Debug/wiring_pulse.o
 .bss           0x00800246        0x0 obj/Debug/wiring_shift.o
 .bss           0x00800246        0x0 /usr/local/avr/lib/gcc/avr/4.4.3/avr5/libgcc.a(_mulsi3.o)
 .bss           0x00800246        0x0 /usr/local/avr/lib/gcc/avr/4.4.3/avr5/libgcc.a(_udivmodsi4.o)
 .bss           0x00800246        0x0 /usr/local/avr/lib/gcc/avr/4.4.3/avr5/libgcc.a(_divmodsi4.o)
 .bss           0x00800246        0x0 /usr/local/avr/lib/gcc/avr/4.4.3/avr5/libgcc.a(_exit.o)
 .bss           0x00800246        0x0 /usr/local/avr/lib/gcc/avr/4.4.3/avr5/libgcc.a(_copy_data.o)
 .bss           0x00800246        0x0 /usr/local/avr/lib/gcc/avr/4.4.3/avr5/libgcc.a(_clear_bss.o)
 .bss           0x00800246        0x0 /usr/local/avr/lib/gcc/avr/4.4.3/avr5/libgcc.a(_ctors.o)
 .bss           0x00800246        0x0 /usr/local/avr/lib/gcc/avr/4.4.3/avr5/libgcc.a(_fixunssfsi.o)
 .bss           0x00800246        0x0 /usr/local/avr/lib/gcc/avr/4.4.3/avr5/libgcc.a(_addsub_sf.o)
 .bss           0x00800246        0x0 /usr/local/avr/lib/gcc/avr/4.4.3/avr5/libgcc.a(_mul_sf.o)
 .bss           0x00800246        0x0 /usr/local/avr/lib/gcc/avr/4.4.3/avr5/libgcc.a(_div_sf.o)
 .bss           0x00800246        0x0 /usr/local/avr/lib/gcc/avr/4.4.3/avr5/libgcc.a(_ge_sf.o)
 .bss           0x00800246        0x0 /usr/local/avr/lib/gcc/avr/4.4.3/avr5/libgcc.a(_lt_sf.o)
 .bss           0x00800246        0x0 /usr/local/avr/lib/gcc/avr/4.4.3/avr5/libgcc.a(_si_to_sf.o)
 .bss           0x00800246        0x0 /usr/local/avr/lib/gcc/avr/4.4.3/avr5/libgcc.a(_sf_to_si.o)
 .bss           0x00800246        0x0 /usr/local/avr/lib/gcc/avr/4.4.3/avr5/libgcc.a(_thenan_sf.o)
 .bss           0x00800246        0x0 /usr/local/avr/lib/gcc/avr/4.4.3/avr5/libgcc.a(_usi_to_sf.o)
 .bss           0x00800246        0x0 /usr/local/avr/lib/gcc/avr/4.4.3/avr5/libgcc.a(_prologue.o)
 .bss           0x00800246        0x0 /usr/local/avr/lib/gcc/avr/4.4.3/avr5/libgcc.a(_epilogue.o)
 .bss           0x00800246        0x0 /usr/local/avr/lib/gcc/avr/4.4.3/avr5/libgcc.a(_tablejump.o)
 .bss           0x00800246        0x0 /usr/local/avr/lib/gcc/avr/4.4.3/avr5/libgcc.a(_clzsi2.o)
 .bss           0x00800246        0x0 /usr/local/avr/lib/gcc/avr/4.4.3/avr5/libgcc.a(_pack_sf.o)
 .bss           0x00800246        0x0 /usr/local/avr/lib/gcc/avr/4.4.3/avr5/libgcc.a(_unpack_sf.o)
 .bss           0x00800246        0x0 /usr/local/avr/lib/gcc/avr/4.4.3/avr5/libgcc.a(_fpcmp_parts_sf.o)
 .bss           0x00800246        0x0 /usr/local/avr/lib/gcc/avr/4.4.3/avr5/libgcc.a(_clz.o)
 .bss           0x00800246        0x0 /usr/local/avr/lib/gcc/avr/4.4.3/../../../../avr/lib/avr5/libc.a(malloc.o)
 .bss           0x00800246        0x0 /usr/local/avr/lib/gcc/avr/4.4.3/../../../../avr/lib/avr5/libc.a(random.o)
 .bss           0x00800246        0x0 /usr/local/avr/lib/gcc/avr/4.4.3/../../../../avr/lib/avr5/libc.a(realloc.o)
 .bss           0x00800246        0x0 /usr/local/avr/lib/gcc/avr/4.4.3/../../../../avr/lib/avr5/libc.a(atol.o)
 .bss           0x00800246        0x0 /usr/local/avr/lib/gcc/avr/4.4.3/../../../../avr/lib/avr5/libc.a(isspace.o)
 .bss           0x00800246        0x0 /usr/local/avr/lib/gcc/avr/4.4.3/../../../../avr/lib/avr5/libc.a(tolower.o)
 .bss           0x00800246        0x0 /usr/local/avr/lib/gcc/avr/4.4.3/../../../../avr/lib/avr5/libc.a(toupper.o)
 .bss           0x00800246        0x0 /usr/local/avr/lib/gcc/avr/4.4.3/../../../../avr/lib/avr5/libc.a(memcpy.o)
 .bss           0x00800246        0x0 /usr/local/avr/lib/gcc/avr/4.4.3/../../../../avr/lib/avr5/libc.a(strcat.o)
 .bss           0x00800246        0x0 /usr/local/avr/lib/gcc/avr/4.4.3/../../../../avr/lib/avr5/libc.a(strchr.o)
 .bss           0x00800246        0x0 /usr/local/avr/lib/gcc/avr/4.4.3/../../../../avr/lib/avr5/libc.a(strcmp.o)
 .bss           0x00800246        0x0 /usr/local/avr/lib/gcc/avr/4.4.3/../../../../avr/lib/avr5/libc.a(strcpy.o)
 .bss           0x00800246        0x0 /usr/local/avr/lib/gcc/avr/4.4.3/../../../../avr/lib/avr5/libc.a(strncmp.o)
 .bss           0x00800246        0x0 /usr/local/avr/lib/gcc/avr/4.4.3/../../../../avr/lib/avr5/libc.a(strncpy.o)
 .bss           0x00800246        0x0 /usr/local/avr/lib/gcc/avr/4.4.3/../../../../avr/lib/avr5/libc.a(strrchr.o)
 .bss           0x00800246        0x0 /usr/local/avr/lib/gcc/avr/4.4.3/../../../../avr/lib/avr5/libc.a(strstr.o)
 .bss           0x00800246        0x0 /usr/local/avr/lib/gcc/avr/4.4.3/../../../../avr/lib/avr5/libc.a(itoa.o)
 .bss           0x00800246        0x0 /usr/local/avr/lib/gcc/avr/4.4.3/../../../../avr/lib/avr5/libc.a(ltoa.o)
 .bss           0x00800246        0x0 /usr/local/avr/lib/gcc/avr/4.4.3/../../../../avr/lib/avr5/libc.a(mulsi10.o)
 .bss           0x00800246        0x0 /usr/local/avr/lib/gcc/avr/4.4.3/../../../../avr/lib/avr5/libc.a(ultoa.o)
 .bss           0x00800246        0x0 /usr/local/avr/lib/gcc/avr/4.4.3/../../../../avr/lib/avr5/libc.a(cty_isfalse.o)
 .bss           0x00800246        0x0 /usr/local/avr/lib/gcc/avr/4.4.3/../../../../avr/lib/avr5/libc.a(strrev.o)
 .bss           0x00800246        0x0 /usr/local/avr/lib/gcc/avr/4.4.3/avr5/libgcc.a(_udivmodhi4.o)
 *(.bss*)
 .bss.rx_buffer
                0x00800246       0x84 obj/Debug/HardwareSerial.o
                0x00800246                rx_buffer
 .bss.Serial    0x008002ca       0x13 obj/Debug/HardwareSerial.o
                0x008002ca                Serial
 .bss.timer0_toggle_count
                0x008002dd        0x4 obj/Debug/Tone.o
                0x008002dd                timer0_toggle_count
 .bss.timer0_pin_port
                0x008002e1        0x2 obj/Debug/Tone.o
                0x008002e1                timer0_pin_port
 .bss.timer0_pin_mask
                0x008002e3        0x1 obj/Debug/Tone.o
                0x008002e3                timer0_pin_mask
 .bss.timer1_toggle_count
                0x008002e4        0x4 obj/Debug/Tone.o
                0x008002e4                timer1_toggle_count
 .bss.timer1_pin_port
                0x008002e8        0x2 obj/Debug/Tone.o
                0x008002e8                timer1_pin_port
 .bss.timer1_pin_mask
                0x008002ea        0x1 obj/Debug/Tone.o
                0x008002ea                timer1_pin_mask
 .bss.timer2_toggle_count
                0x008002eb        0x4 obj/Debug/Tone.o
                0x008002eb                timer2_toggle_count
 .bss.timer2_pin_port
                0x008002ef        0x2 obj/Debug/Tone.o
                0x008002ef                timer2_pin_port
 .bss.timer2_pin_mask
                0x008002f1        0x1 obj/Debug/Tone.o
                0x008002f1                timer2_pin_mask
 .bss.intFunc   0x008002f2        0x4 obj/Debug/WInterrupts.o
 .bss._ZZN6StringixEjE19dummy_writable_char
                0x008002f6        0x1 obj/Debug/WString.o
 .bss.timer0_overflow_count
                0x008002f7        0x4 obj/Debug/wiring.o
                0x008002f7                timer0_overflow_count
 .bss.timer0_millis
                0x008002fb        0x4 obj/Debug/wiring.o
                0x008002fb                timer0_millis
 .bss.timer0_fract
                0x008002ff        0x1 obj/Debug/wiring.o
 *(COMMON)
 COMMON         0x00800300        0x4 /usr/local/avr/lib/gcc/avr/4.4.3/../../../../avr/lib/avr5/libc.a(malloc.o)
                0x00800300                __brkval
                0x00800302                __flp
                0x00800304                PROVIDE (__bss_end, .)
                0x00003f1e                __data_load_start = LOADADDR (.data)
                0x00004064                __data_load_end = (__data_load_start + SIZEOF (.data))

.noinit         0x00800304        0x0
                0x00800304                PROVIDE (__noinit_start, .)
 *(.noinit*)
                0x00800304                PROVIDE (__noinit_end, .)
                0x00800304                _end = .
                0x00800304                PROVIDE (__heap_start, .)

.eeprom         0x00810000        0x0
 *(.eeprom*)
                0x00810000                __eeprom_end = .

.fuse
 *(.fuse)
 *(.lfuse)
 *(.hfuse)
 *(.efuse)

.lock
 *(.lock*)

.signature
 *(.signature*)

.stab           0x00000000     0x1914
 *(.stab)
 .stab          0x00000000      0x6cc /usr/local/avr/lib/gcc/avr/4.4.3/../../../../avr/lib/avr5/crtm168p.o
 .stab          0x000006cc      0x1e0 /usr/local/avr/lib/gcc/avr/4.4.3/../../../../avr/lib/avr5/libc.a(atol.o)
                                0x1ec (size before relaxing)
 .stab          0x000008ac       0x9c /usr/local/avr/lib/gcc/avr/4.4.3/../../../../avr/lib/avr5/libc.a(isspace.o)
                                 0xa8 (size before relaxing)
 .stab          0x00000948       0x9c /usr/local/avr/lib/gcc/avr/4.4.3/../../../../avr/lib/avr5/libc.a(tolower.o)
                                 0xa8 (size before relaxing)
 .stab          0x000009e4       0x9c /usr/local/avr/lib/gcc/avr/4.4.3/../../../../avr/lib/avr5/libc.a(toupper.o)
                                 0xa8 (size before relaxing)
 .stab          0x00000a80       0x84 /usr/local/avr/lib/gcc/avr/4.4.3/../../../../avr/lib/avr5/libc.a(memcpy.o)
                                 0x90 (size before relaxing)
 .stab          0x00000b04       0x9c /usr/local/avr/lib/gcc/avr/4.4.3/../../../../avr/lib/avr5/libc.a(strcat.o)
                                 0xa8 (size before relaxing)
 .stab          0x00000ba0       0x9c /usr/local/avr/lib/gcc/avr/4.4.3/../../../../avr/lib/avr5/libc.a(strchr.o)
                                 0xa8 (size before relaxing)
 .stab          0x00000c3c       0x84 /usr/local/avr/lib/gcc/avr/4.4.3/../../../../avr/lib/avr5/libc.a(strcmp.o)
                                 0x90 (size before relaxing)
 .stab          0x00000cc0       0x6c /usr/local/avr/lib/gcc/avr/4.4.3/../../../../avr/lib/avr5/libc.a(strcpy.o)
                                 0x78 (size before relaxing)
 .stab          0x00000d2c       0xc0 /usr/local/avr/lib/gcc/avr/4.4.3/../../../../avr/lib/avr5/libc.a(strncmp.o)
                                 0xcc (size before relaxing)
 .stab          0x00000dec       0xcc /usr/local/avr/lib/gcc/avr/4.4.3/../../../../avr/lib/avr5/libc.a(strncpy.o)
                                 0xd8 (size before relaxing)
 .stab          0x00000eb8       0x9c /usr/local/avr/lib/gcc/avr/4.4.3/../../../../avr/lib/avr5/libc.a(strrchr.o)
                                 0xa8 (size before relaxing)
 .stab          0x00000f54      0x150 /usr/local/avr/lib/gcc/avr/4.4.3/../../../../avr/lib/avr5/libc.a(strstr.o)
                                0x15c (size before relaxing)
 .stab          0x000010a4      0x1b0 /usr/local/avr/lib/gcc/avr/4.4.3/../../../../avr/lib/avr5/libc.a(itoa.o)
                                0x1bc (size before relaxing)
 .stab          0x00001254      0x294 /usr/local/avr/lib/gcc/avr/4.4.3/../../../../avr/lib/avr5/libc.a(ltoa.o)
                                0x2a0 (size before relaxing)
 .stab          0x000014e8      0x114 /usr/local/avr/lib/gcc/avr/4.4.3/../../../../avr/lib/avr5/libc.a(mulsi10.o)
                                0x120 (size before relaxing)
 .stab          0x000015fc      0x1e0 /usr/local/avr/lib/gcc/avr/4.4.3/../../../../avr/lib/avr5/libc.a(ultoa.o)
                                0x1ec (size before relaxing)
 .stab          0x000017dc       0x60 /usr/local/avr/lib/gcc/avr/4.4.3/../../../../avr/lib/avr5/libc.a(cty_isfalse.o)
                                 0x6c (size before relaxing)
 .stab          0x0000183c       0xd8 /usr/local/avr/lib/gcc/avr/4.4.3/../../../../avr/lib/avr5/libc.a(strrev.o)
                                 0xe4 (size before relaxing)

.stabstr        0x00000000      0x581
 *(.stabstr)
 .stabstr       0x00000000      0x581 /usr/local/avr/lib/gcc/avr/4.4.3/../../../../avr/lib/avr5/crtm168p.o

.stab.excl
 *(.stab.excl)

.stab.exclstr
 *(.stab.exclstr)

.stab.index
 *(.stab.index)

.stab.indexstr
 *(.stab.indexstr)

.comment
 *(.comment)

.debug
 *(.debug)

.line
 *(.line)

.debug_srcinfo
 *(.debug_srcinfo)

.debug_sfnames
 *(.debug_sfnames)

.debug_aranges  0x00000000      0x708
 *(.debug_aranges)
 .debug_aranges
                0x00000000       0x70 obj/Debug/HardwareSerial.o
 .debug_aranges
                0x00000070       0xd0 obj/Debug/Print.o
 .debug_aranges
                0x00000140       0x38 obj/Debug/Tone.o
 .debug_aranges
                0x00000178       0x38 obj/Debug/WInterrupts.o
 .debug_aranges
                0x000001b0       0x48 obj/Debug/WMath.o
 .debug_aranges
                0x000001f8      0x1d0 obj/Debug/WString.o
 .debug_aranges
                0x000003c8       0x28 obj/Debug/main.o
 .debug_aranges
                0x000003f0       0x48 obj/Debug/wiring.o
 .debug_aranges
                0x00000438       0x30 obj/Debug/wiring_analog.o
 .debug_aranges
                0x00000468       0x38 obj/Debug/wiring_digital.o
 .debug_aranges
                0x000004a0       0x20 obj/Debug/wiring_pulse.o
 .debug_aranges
                0x000004c0       0x28 obj/Debug/wiring_shift.o
 .debug_aranges
                0x000004e8       0x20 /usr/local/avr/lib/gcc/avr/4.4.3/avr5/libgcc.a(_fixunssfsi.o)
 .debug_aranges
                0x00000508       0x20 /usr/local/avr/lib/gcc/avr/4.4.3/avr5/libgcc.a(_addsub_sf.o)
 .debug_aranges
                0x00000528       0x20 /usr/local/avr/lib/gcc/avr/4.4.3/avr5/libgcc.a(_mul_sf.o)
 .debug_aranges
                0x00000548       0x20 /usr/local/avr/lib/gcc/avr/4.4.3/avr5/libgcc.a(_div_sf.o)
 .debug_aranges
                0x00000568       0x20 /usr/local/avr/lib/gcc/avr/4.4.3/avr5/libgcc.a(_ge_sf.o)
 .debug_aranges
                0x00000588       0x20 /usr/local/avr/lib/gcc/avr/4.4.3/avr5/libgcc.a(_lt_sf.o)
 .debug_aranges
                0x000005a8       0x20 /usr/local/avr/lib/gcc/avr/4.4.3/avr5/libgcc.a(_si_to_sf.o)
 .debug_aranges
                0x000005c8       0x20 /usr/local/avr/lib/gcc/avr/4.4.3/avr5/libgcc.a(_sf_to_si.o)
 .debug_aranges
                0x000005e8       0x20 /usr/local/avr/lib/gcc/avr/4.4.3/avr5/libgcc.a(_usi_to_sf.o)
 .debug_aranges
                0x00000608       0x20 /usr/local/avr/lib/gcc/avr/4.4.3/avr5/libgcc.a(_clzsi2.o)
 .debug_aranges
                0x00000628       0x20 /usr/local/avr/lib/gcc/avr/4.4.3/avr5/libgcc.a(_pack_sf.o)
 .debug_aranges
                0x00000648       0x20 /usr/local/avr/lib/gcc/avr/4.4.3/avr5/libgcc.a(_unpack_sf.o)
 .debug_aranges
                0x00000668       0x20 /usr/local/avr/lib/gcc/avr/4.4.3/avr5/libgcc.a(_fpcmp_parts_sf.o)
 .debug_aranges
                0x00000688       0x28 /usr/local/avr/lib/gcc/avr/4.4.3/../../../../avr/lib/avr5/libc.a(malloc.o)
 .debug_aranges
                0x000006b0       0x38 /usr/local/avr/lib/gcc/avr/4.4.3/../../../../avr/lib/avr5/libc.a(random.o)
 .debug_aranges
                0x000006e8       0x20 /usr/local/avr/lib/gcc/avr/4.4.3/../../../../avr/lib/avr5/libc.a(realloc.o)

.debug_pubnames
                0x00000000      0xe55
 *(.debug_pubnames)
 .debug_pubnames
                0x00000000      0x137 obj/Debug/HardwareSerial.o
 .debug_pubnames
                0x00000137      0x1b8 obj/Debug/Print.o
 .debug_pubnames
                0x000002ef      0x106 obj/Debug/Tone.o
 .debug_pubnames
                0x000003f5       0x58 obj/Debug/WInterrupts.o
 .debug_pubnames
                0x0000044d       0x59 obj/Debug/WMath.o
 .debug_pubnames
                0x000004a6      0x498 obj/Debug/WString.o
 .debug_pubnames
                0x0000093e       0x32 obj/Debug/main.o
 .debug_pubnames
                0x00000970       0xad obj/Debug/pins_arduino.o
 .debug_pubnames
                0x00000a1d       0x8d obj/Debug/wiring.o
 .debug_pubnames
                0x00000aaa       0x5a obj/Debug/wiring_analog.o
 .debug_pubnames
                0x00000b04       0x3f obj/Debug/wiring_digital.o
 .debug_pubnames
                0x00000b43       0x1e obj/Debug/wiring_pulse.o
 .debug_pubnames
                0x00000b61       0x2b obj/Debug/wiring_shift.o
 .debug_pubnames
                0x00000b8c       0x23 /usr/local/avr/lib/gcc/avr/4.4.3/avr5/libgcc.a(_fixunssfsi.o)
 .debug_pubnames
                0x00000baf       0x2c /usr/local/avr/lib/gcc/avr/4.4.3/avr5/libgcc.a(_addsub_sf.o)
 .debug_pubnames
                0x00000bdb       0x1f /usr/local/avr/lib/gcc/avr/4.4.3/avr5/libgcc.a(_mul_sf.o)
 .debug_pubnames
                0x00000bfa       0x1f /usr/local/avr/lib/gcc/avr/4.4.3/avr5/libgcc.a(_div_sf.o)
 .debug_pubnames
                0x00000c19       0x1e /usr/local/avr/lib/gcc/avr/4.4.3/avr5/libgcc.a(_ge_sf.o)
 .debug_pubnames
                0x00000c37       0x1e /usr/local/avr/lib/gcc/avr/4.4.3/avr5/libgcc.a(_lt_sf.o)
 .debug_pubnames
                0x00000c55       0x22 /usr/local/avr/lib/gcc/avr/4.4.3/avr5/libgcc.a(_si_to_sf.o)
 .debug_pubnames
                0x00000c77       0x20 /usr/local/avr/lib/gcc/avr/4.4.3/avr5/libgcc.a(_sf_to_si.o)
 .debug_pubnames
                0x00000c97       0x22 /usr/local/avr/lib/gcc/avr/4.4.3/avr5/libgcc.a(_thenan_sf.o)
 .debug_pubnames
                0x00000cb9       0x24 /usr/local/avr/lib/gcc/avr/4.4.3/avr5/libgcc.a(_usi_to_sf.o)
 .debug_pubnames
                0x00000cdd       0x1f /usr/local/avr/lib/gcc/avr/4.4.3/avr5/libgcc.a(_clzsi2.o)
 .debug_pubnames
                0x00000cfc       0x1f /usr/local/avr/lib/gcc/avr/4.4.3/avr5/libgcc.a(_pack_sf.o)
 .debug_pubnames
                0x00000d1b       0x21 /usr/local/avr/lib/gcc/avr/4.4.3/avr5/libgcc.a(_unpack_sf.o)
 .debug_pubnames
                0x00000d3c       0x26 /usr/local/avr/lib/gcc/avr/4.4.3/avr5/libgcc.a(_fpcmp_parts_sf.o)
 .debug_pubnames
                0x00000d62       0x20 /usr/local/avr/lib/gcc/avr/4.4.3/avr5/libgcc.a(_clz.o)
 .debug_pubnames
                0x00000d82       0x7f /usr/local/avr/lib/gcc/avr/4.4.3/../../../../avr/lib/avr5/libc.a(malloc.o)
 .debug_pubnames
                0x00000e01       0x36 /usr/local/avr/lib/gcc/avr/4.4.3/../../../../avr/lib/avr5/libc.a(random.o)
 .debug_pubnames
                0x00000e37       0x1e /usr/local/avr/lib/gcc/avr/4.4.3/../../../../avr/lib/avr5/libc.a(realloc.o)

.debug_info     0x00000000     0x71eb
 *(.debug_info)
 .debug_info    0x00000000      0x8af obj/Debug/HardwareSerial.o
 .debug_info    0x000008af     0x1290 obj/Debug/Print.o
 .debug_info    0x00001b3f      0x612 obj/Debug/Tone.o
 .debug_info    0x00002151      0x14d obj/Debug/WInterrupts.o
 .debug_info    0x0000229e      0x1be obj/Debug/WMath.o
 .debug_info    0x0000245c     0x178d obj/Debug/WString.o
 .debug_info    0x00003be9       0xfb obj/Debug/main.o
 .debug_info    0x00003ce4      0x168 obj/Debug/pins_arduino.o
 .debug_info    0x00003e4c      0x1df obj/Debug/wiring.o
 .debug_info    0x0000402b      0x1b3 obj/Debug/wiring_analog.o
 .debug_info    0x000041de      0x4ad obj/Debug/wiring_digital.o
 .debug_info    0x0000468b      0x271 obj/Debug/wiring_pulse.o
 .debug_info    0x000048fc      0x130 obj/Debug/wiring_shift.o
 .debug_info    0x00004a2c       0xb1 /usr/local/avr/lib/gcc/avr/4.4.3/avr5/libgcc.a(_fixunssfsi.o)
 .debug_info    0x00004add      0x470 /usr/local/avr/lib/gcc/avr/4.4.3/avr5/libgcc.a(_addsub_sf.o)
 .debug_info    0x00004f4d      0x417 /usr/local/avr/lib/gcc/avr/4.4.3/avr5/libgcc.a(_mul_sf.o)
 .debug_info    0x00005364      0x38c /usr/local/avr/lib/gcc/avr/4.4.3/avr5/libgcc.a(_div_sf.o)
 .debug_info    0x000056f0      0x27f /usr/local/avr/lib/gcc/avr/4.4.3/avr5/libgcc.a(_ge_sf.o)
 .debug_info    0x0000596f      0x27f /usr/local/avr/lib/gcc/avr/4.4.3/avr5/libgcc.a(_lt_sf.o)
 .debug_info    0x00005bee      0x207 /usr/local/avr/lib/gcc/avr/4.4.3/avr5/libgcc.a(_si_to_sf.o)
 .debug_info    0x00005df5      0x2b0 /usr/local/avr/lib/gcc/avr/4.4.3/avr5/libgcc.a(_sf_to_si.o)
 .debug_info    0x000060a5      0x154 /usr/local/avr/lib/gcc/avr/4.4.3/avr5/libgcc.a(_thenan_sf.o)
 .debug_info    0x000061f9      0x206 /usr/local/avr/lib/gcc/avr/4.4.3/avr5/libgcc.a(_usi_to_sf.o)
 .debug_info    0x000063ff      0x117 /usr/local/avr/lib/gcc/avr/4.4.3/avr5/libgcc.a(_clzsi2.o)
 .debug_info    0x00006516      0x2df /usr/local/avr/lib/gcc/avr/4.4.3/avr5/libgcc.a(_pack_sf.o)
 .debug_info    0x000067f5      0x251 /usr/local/avr/lib/gcc/avr/4.4.3/avr5/libgcc.a(_unpack_sf.o)
 .debug_info    0x00006a46      0x216 /usr/local/avr/lib/gcc/avr/4.4.3/avr5/libgcc.a(_fpcmp_parts_sf.o)
 .debug_info    0x00006c5c       0xa9 /usr/local/avr/lib/gcc/avr/4.4.3/avr5/libgcc.a(_clz.o)
 .debug_info    0x00006d05      0x22a /usr/local/avr/lib/gcc/avr/4.4.3/../../../../avr/lib/avr5/libc.a(malloc.o)
 .debug_info    0x00006f2f      0x11e /usr/local/avr/lib/gcc/avr/4.4.3/../../../../avr/lib/avr5/libc.a(random.o)
 .debug_info    0x0000704d      0x19e /usr/local/avr/lib/gcc/avr/4.4.3/../../../../avr/lib/avr5/libc.a(realloc.o)
 *(.gnu.linkonce.wi.*)

.debug_abbrev   0x00000000     0x279b
 *(.debug_abbrev)
 .debug_abbrev  0x00000000      0x342 obj/Debug/HardwareSerial.o
 .debug_abbrev  0x00000342      0x269 obj/Debug/Print.o
 .debug_abbrev  0x000005ab      0x1ee obj/Debug/Tone.o
 .debug_abbrev  0x00000799       0xc4 obj/Debug/WInterrupts.o
 .debug_abbrev  0x0000085d       0xb9 obj/Debug/WMath.o
 .debug_abbrev  0x00000916      0x2a0 obj/Debug/WString.o
 .debug_abbrev  0x00000bb6       0x77 obj/Debug/main.o
 .debug_abbrev  0x00000c2d       0x88 obj/Debug/pins_arduino.o
 .debug_abbrev  0x00000cb5       0xe1 obj/Debug/wiring.o
 .debug_abbrev  0x00000d96      0x119 obj/Debug/wiring_analog.o
 .debug_abbrev  0x00000eaf      0x154 obj/Debug/wiring_digital.o
 .debug_abbrev  0x00001003       0xfa obj/Debug/wiring_pulse.o
 .debug_abbrev  0x000010fd       0xa1 obj/Debug/wiring_shift.o
 .debug_abbrev  0x0000119e       0x5d /usr/local/avr/lib/gcc/avr/4.4.3/avr5/libgcc.a(_fixunssfsi.o)
 .debug_abbrev  0x000011fb      0x1db /usr/local/avr/lib/gcc/avr/4.4.3/avr5/libgcc.a(_addsub_sf.o)
 .debug_abbrev  0x000013d6      0x209 /usr/local/avr/lib/gcc/avr/4.4.3/avr5/libgcc.a(_mul_sf.o)
 .debug_abbrev  0x000015df      0x1e5 /usr/local/avr/lib/gcc/avr/4.4.3/avr5/libgcc.a(_div_sf.o)
 .debug_abbrev  0x000017c4      0x15a /usr/local/avr/lib/gcc/avr/4.4.3/avr5/libgcc.a(_ge_sf.o)
 .debug_abbrev  0x0000191e      0x15a /usr/local/avr/lib/gcc/avr/4.4.3/avr5/libgcc.a(_lt_sf.o)
 .debug_abbrev  0x00001a78      0x148 /usr/local/avr/lib/gcc/avr/4.4.3/avr5/libgcc.a(_si_to_sf.o)
 .debug_abbrev  0x00001bc0      0x17f /usr/local/avr/lib/gcc/avr/4.4.3/avr5/libgcc.a(_sf_to_si.o)
 .debug_abbrev  0x00001d3f       0xc3 /usr/local/avr/lib/gcc/avr/4.4.3/avr5/libgcc.a(_thenan_sf.o)
 .debug_abbrev  0x00001e02      0x157 /usr/local/avr/lib/gcc/avr/4.4.3/avr5/libgcc.a(_usi_to_sf.o)
 .debug_abbrev  0x00001f59       0xc4 /usr/local/avr/lib/gcc/avr/4.4.3/avr5/libgcc.a(_clzsi2.o)
 .debug_abbrev  0x0000201d      0x1c0 /usr/local/avr/lib/gcc/avr/4.4.3/avr5/libgcc.a(_pack_sf.o)
 .debug_abbrev  0x000021dd      0x154 /usr/local/avr/lib/gcc/avr/4.4.3/avr5/libgcc.a(_unpack_sf.o)
 .debug_abbrev  0x00002331      0x13b /usr/local/avr/lib/gcc/avr/4.4.3/avr5/libgcc.a(_fpcmp_parts_sf.o)
 .debug_abbrev  0x0000246c       0x6a /usr/local/avr/lib/gcc/avr/4.4.3/avr5/libgcc.a(_clz.o)
 .debug_abbrev  0x000024d6      0x10f /usr/local/avr/lib/gcc/avr/4.4.3/../../../../avr/lib/avr5/libc.a(malloc.o)
 .debug_abbrev  0x000025e5       0xdc /usr/local/avr/lib/gcc/avr/4.4.3/../../../../avr/lib/avr5/libc.a(random.o)
 .debug_abbrev  0x000026c1       0xda /usr/local/avr/lib/gcc/avr/4.4.3/../../../../avr/lib/avr5/libc.a(realloc.o)

.debug_line     0x00000000     0x3fee
 *(.debug_line)
 .debug_line    0x00000000      0x425 obj/Debug/HardwareSerial.o
 .debug_line    0x00000425      0x587 obj/Debug/Print.o
 .debug_line    0x000009ac      0x3b5 obj/Debug/Tone.o
 .debug_line    0x00000d61      0x193 obj/Debug/WInterrupts.o
 .debug_line    0x00000ef4      0x117 obj/Debug/WMath.o
 .debug_line    0x0000100b      0xc76 obj/Debug/WString.o
 .debug_line    0x00001c81       0xc9 obj/Debug/main.o
 .debug_line    0x00001d4a       0xa7 obj/Debug/pins_arduino.o
 .debug_line    0x00001df1      0x2a3 obj/Debug/wiring.o
 .debug_line    0x00002094      0x1f6 obj/Debug/wiring_analog.o
 .debug_line    0x0000228a      0x241 obj/Debug/wiring_digital.o
 .debug_line    0x000024cb      0x131 obj/Debug/wiring_pulse.o
 .debug_line    0x000025fc      0x149 obj/Debug/wiring_shift.o
 .debug_line    0x00002745       0xb1 /usr/local/avr/lib/gcc/avr/4.4.3/avr5/libgcc.a(_fixunssfsi.o)
 .debug_line    0x000027f6      0x2ab /usr/local/avr/lib/gcc/avr/4.4.3/avr5/libgcc.a(_addsub_sf.o)
 .debug_line    0x00002aa1      0x233 /usr/local/avr/lib/gcc/avr/4.4.3/avr5/libgcc.a(_mul_sf.o)
 .debug_line    0x00002cd4      0x1c6 /usr/local/avr/lib/gcc/avr/4.4.3/avr5/libgcc.a(_div_sf.o)
 .debug_line    0x00002e9a       0xdd /usr/local/avr/lib/gcc/avr/4.4.3/avr5/libgcc.a(_ge_sf.o)
 .debug_line    0x00002f77       0xdd /usr/local/avr/lib/gcc/avr/4.4.3/avr5/libgcc.a(_lt_sf.o)
 .debug_line    0x00003054      0x135 /usr/local/avr/lib/gcc/avr/4.4.3/avr5/libgcc.a(_si_to_sf.o)
 .debug_line    0x00003189      0x113 /usr/local/avr/lib/gcc/avr/4.4.3/avr5/libgcc.a(_sf_to_si.o)
 .debug_line    0x0000329c       0x9a /usr/local/avr/lib/gcc/avr/4.4.3/avr5/libgcc.a(_thenan_sf.o)
 .debug_line    0x00003336      0x133 /usr/local/avr/lib/gcc/avr/4.4.3/avr5/libgcc.a(_usi_to_sf.o)
 .debug_line    0x00003469       0xaf /usr/local/avr/lib/gcc/avr/4.4.3/avr5/libgcc.a(_clzsi2.o)
 .debug_line    0x00003518      0x194 /usr/local/avr/lib/gcc/avr/4.4.3/avr5/libgcc.a(_pack_sf.o)
 .debug_line    0x000036ac      0x155 /usr/local/avr/lib/gcc/avr/4.4.3/avr5/libgcc.a(_unpack_sf.o)
 .debug_line    0x00003801      0x141 /usr/local/avr/lib/gcc/avr/4.4.3/avr5/libgcc.a(_fpcmp_parts_sf.o)
 .debug_line    0x00003942       0x86 /usr/local/avr/lib/gcc/avr/4.4.3/avr5/libgcc.a(_clz.o)
 .debug_line    0x000039c8      0x2e2 /usr/local/avr/lib/gcc/avr/4.4.3/../../../../avr/lib/avr5/libc.a(malloc.o)
 .debug_line    0x00003caa      0x12b /usr/local/avr/lib/gcc/avr/4.4.3/../../../../avr/lib/avr5/libc.a(random.o)
 .debug_line    0x00003dd5      0x219 /usr/local/avr/lib/gcc/avr/4.4.3/../../../../avr/lib/avr5/libc.a(realloc.o)

.debug_frame    0x00000000      0xab0
 *(.debug_frame)
 .debug_frame   0x00000000       0xc0 obj/Debug/HardwareSerial.o
 .debug_frame   0x000000c0      0x180 obj/Debug/Print.o
 .debug_frame   0x00000240       0x50 obj/Debug/Tone.o
 .debug_frame   0x00000290       0x50 obj/Debug/WInterrupts.o
 .debug_frame   0x000002e0       0x70 obj/Debug/WMath.o
 .debug_frame   0x00000350      0x380 obj/Debug/WString.o
 .debug_frame   0x000006d0       0x30 obj/Debug/main.o
 .debug_frame   0x00000700       0x70 obj/Debug/wiring.o
 .debug_frame   0x00000770       0x40 obj/Debug/wiring_analog.o
 .debug_frame   0x000007b0       0x50 obj/Debug/wiring_digital.o
 .debug_frame   0x00000800       0x20 obj/Debug/wiring_pulse.o
 .debug_frame   0x00000820       0x30 obj/Debug/wiring_shift.o
 .debug_frame   0x00000850       0x20 /usr/local/avr/lib/gcc/avr/4.4.3/avr5/libgcc.a(_fixunssfsi.o)
 .debug_frame   0x00000870       0x40 /usr/local/avr/lib/gcc/avr/4.4.3/avr5/libgcc.a(_addsub_sf.o)
 .debug_frame   0x000008b0       0x20 /usr/local/avr/lib/gcc/avr/4.4.3/avr5/libgcc.a(_mul_sf.o)
 .debug_frame   0x000008d0       0x20 /usr/local/avr/lib/gcc/avr/4.4.3/avr5/libgcc.a(_div_sf.o)
 .debug_frame   0x000008f0       0x20 /usr/local/avr/lib/gcc/avr/4.4.3/avr5/libgcc.a(_ge_sf.o)
 .debug_frame   0x00000910       0x20 /usr/local/avr/lib/gcc/avr/4.4.3/avr5/libgcc.a(_lt_sf.o)
 .debug_frame   0x00000930       0x20 /usr/local/avr/lib/gcc/avr/4.4.3/avr5/libgcc.a(_si_to_sf.o)
 .debug_frame   0x00000950       0x20 /usr/local/avr/lib/gcc/avr/4.4.3/avr5/libgcc.a(_sf_to_si.o)
 .debug_frame   0x00000970       0x20 /usr/local/avr/lib/gcc/avr/4.4.3/avr5/libgcc.a(_usi_to_sf.o)
 .debug_frame   0x00000990       0x20 /usr/local/avr/lib/gcc/avr/4.4.3/avr5/libgcc.a(_clzsi2.o)
 .debug_frame   0x000009b0       0x20 /usr/local/avr/lib/gcc/avr/4.4.3/avr5/libgcc.a(_pack_sf.o)
 .debug_frame   0x000009d0       0x20 /usr/local/avr/lib/gcc/avr/4.4.3/avr5/libgcc.a(_unpack_sf.o)
 .debug_frame   0x000009f0       0x20 /usr/local/avr/lib/gcc/avr/4.4.3/avr5/libgcc.a(_fpcmp_parts_sf.o)
 .debug_frame   0x00000a10       0x30 /usr/local/avr/lib/gcc/avr/4.4.3/../../../../avr/lib/avr5/libc.a(malloc.o)
 .debug_frame   0x00000a40       0x50 /usr/local/avr/lib/gcc/avr/4.4.3/../../../../avr/lib/avr5/libc.a(random.o)
 .debug_frame   0x00000a90       0x20 /usr/local/avr/lib/gcc/avr/4.4.3/../../../../avr/lib/avr5/libc.a(realloc.o)

.debug_str      0x00000000     0x1432
 *(.debug_str)
 .debug_str     0x00000000      0x30f obj/Debug/HardwareSerial.o
                                0x3a3 (size before relaxing)
 .debug_str     0x0000030f      0x734 obj/Debug/Print.o
                                0x861 (size before relaxing)
 .debug_str     0x00000a43      0x1b4 obj/Debug/Tone.o
                                0x2aa (size before relaxing)
 .debug_str     0x00000bf7       0x7f obj/Debug/WInterrupts.o
                                0x14f (size before relaxing)
 .debug_str     0x00000c76       0x9f obj/Debug/WMath.o
                                0x139 (size before relaxing)
 .debug_str     0x00000d15       0xc4 obj/Debug/WString.o
                                0x688 (size before relaxing)
 .debug_str     0x00000dd9       0x21 obj/Debug/main.o
                                 0xff (size before relaxing)
 .debug_str     0x00000dfa       0x4b obj/Debug/pins_arduino.o
                                0x181 (size before relaxing)
 .debug_str     0x00000e45       0x72 obj/Debug/wiring.o
                                0x164 (size before relaxing)
 .debug_str     0x00000eb7       0x48 obj/Debug/wiring_analog.o
                                0x16c (size before relaxing)
 .debug_str     0x00000eff       0x3d obj/Debug/wiring_digital.o
                                0x1d9 (size before relaxing)
 .debug_str     0x00000f3c       0x47 obj/Debug/wiring_pulse.o
                                0x193 (size before relaxing)
 .debug_str     0x00000f83       0x3a obj/Debug/wiring_shift.o
                                0x11c (size before relaxing)
 .debug_str     0x00000fbd       0x91 /usr/local/avr/lib/gcc/avr/4.4.3/avr5/libgcc.a(_fixunssfsi.o)
                                0x10f (size before relaxing)
 .debug_str     0x0000104e      0x14a /usr/local/avr/lib/gcc/avr/4.4.3/avr5/libgcc.a(_addsub_sf.o)
                                0x215 (size before relaxing)
 .debug_str     0x00001198       0x27 /usr/local/avr/lib/gcc/avr/4.4.3/avr5/libgcc.a(_mul_sf.o)
                                0x1ce (size before relaxing)
 .debug_str     0x000011bf       0x35 /usr/local/avr/lib/gcc/avr/4.4.3/avr5/libgcc.a(_div_sf.o)
                                0x1d7 (size before relaxing)
 .debug_str     0x000011f4        0x8 /usr/local/avr/lib/gcc/avr/4.4.3/avr5/libgcc.a(_ge_sf.o)
                                0x19c (size before relaxing)
 .debug_str     0x000011fc        0x8 /usr/local/avr/lib/gcc/avr/4.4.3/avr5/libgcc.a(_lt_sf.o)
                                0x19c (size before relaxing)
 .debug_str     0x00001204       0x1e /usr/local/avr/lib/gcc/avr/4.4.3/avr5/libgcc.a(_si_to_sf.o)
                                0x182 (size before relaxing)
 .debug_str     0x00001222        0xa /usr/local/avr/lib/gcc/avr/4.4.3/avr5/libgcc.a(_sf_to_si.o)
                                0x1a5 (size before relaxing)
 .debug_str     0x00000000      0x147 /usr/local/avr/lib/gcc/avr/4.4.3/avr5/libgcc.a(_thenan_sf.o)
 .debug_str     0x0000122c       0x14 /usr/local/avr/lib/gcc/avr/4.4.3/avr5/libgcc.a(_usi_to_sf.o)
                                0x17e (size before relaxing)
 .debug_str     0x00001240       0x20 /usr/local/avr/lib/gcc/avr/4.4.3/avr5/libgcc.a(_clzsi2.o)
                                0x122 (size before relaxing)
 .debug_str     0x00001260       0x10 /usr/local/avr/lib/gcc/avr/4.4.3/avr5/libgcc.a(_pack_sf.o)
                                0x1a4 (size before relaxing)
 .debug_str     0x00001270        0xb /usr/local/avr/lib/gcc/avr/4.4.3/avr5/libgcc.a(_unpack_sf.o)
                                0x186 (size before relaxing)
 .debug_str     0x0000127b       0x10 /usr/local/avr/lib/gcc/avr/4.4.3/avr5/libgcc.a(_fpcmp_parts_sf.o)
                                0x16a (size before relaxing)
 .debug_str     0x00000000      0x105 /usr/local/avr/lib/gcc/avr/4.4.3/avr5/libgcc.a(_clz.o)
 .debug_str     0x0000128b       0xfb /usr/local/avr/lib/gcc/avr/4.4.3/../../../../avr/lib/avr5/libc.a(malloc.o)
                                0x17a (size before relaxing)
 .debug_str     0x00001386       0x5a /usr/local/avr/lib/gcc/avr/4.4.3/../../../../avr/lib/avr5/libc.a(random.o)
                                 0xcb (size before relaxing)
 .debug_str     0x000013e0       0x52 /usr/local/avr/lib/gcc/avr/4.4.3/../../../../avr/lib/avr5/libc.a(realloc.o)
                                0x13e (size before relaxing)

.debug_loc      0x00000000     0x4275
 *(.debug_loc)
 .debug_loc     0x00000000      0x37c obj/Debug/HardwareSerial.o
 .debug_loc     0x0000037c      0xb45 obj/Debug/Print.o
 .debug_loc     0x00000ec1      0x3ac obj/Debug/Tone.o
 .debug_loc     0x0000126d       0x51 obj/Debug/WInterrupts.o
 .debug_loc     0x000012be      0x1f2 obj/Debug/WMath.o
 .debug_loc     0x000014b0     0x150c obj/Debug/WString.o
 .debug_loc     0x000029bc       0xfd obj/Debug/wiring.o
 .debug_loc     0x00002ab9      0x13f obj/Debug/wiring_analog.o
 .debug_loc     0x00002bf8      0x1cd obj/Debug/wiring_digital.o
 .debug_loc     0x00002dc5      0x273 obj/Debug/wiring_pulse.o
 .debug_loc     0x00003038       0xf5 obj/Debug/wiring_shift.o
 .debug_loc     0x0000312d       0x34 /usr/local/avr/lib/gcc/avr/4.4.3/avr5/libgcc.a(_fixunssfsi.o)
 .debug_loc     0x00003161      0x366 /usr/local/avr/lib/gcc/avr/4.4.3/avr5/libgcc.a(_addsub_sf.o)
 .debug_loc     0x000034c7      0x156 /usr/local/avr/lib/gcc/avr/4.4.3/avr5/libgcc.a(_mul_sf.o)
 .debug_loc     0x0000361d       0xce /usr/local/avr/lib/gcc/avr/4.4.3/avr5/libgcc.a(_div_sf.o)
 .debug_loc     0x000036eb       0x3c /usr/local/avr/lib/gcc/avr/4.4.3/avr5/libgcc.a(_ge_sf.o)
 .debug_loc     0x00003727       0x3c /usr/local/avr/lib/gcc/avr/4.4.3/avr5/libgcc.a(_lt_sf.o)
 .debug_loc     0x00003763       0xac /usr/local/avr/lib/gcc/avr/4.4.3/avr5/libgcc.a(_si_to_sf.o)
 .debug_loc     0x0000380f       0x7e /usr/local/avr/lib/gcc/avr/4.4.3/avr5/libgcc.a(_sf_to_si.o)
 .debug_loc     0x0000388d       0x78 /usr/local/avr/lib/gcc/avr/4.4.3/avr5/libgcc.a(_usi_to_sf.o)
 .debug_loc     0x00003905       0xaa /usr/local/avr/lib/gcc/avr/4.4.3/avr5/libgcc.a(_clzsi2.o)
 .debug_loc     0x000039af       0xa6 /usr/local/avr/lib/gcc/avr/4.4.3/avr5/libgcc.a(_pack_sf.o)
 .debug_loc     0x00003a55       0xec /usr/local/avr/lib/gcc/avr/4.4.3/avr5/libgcc.a(_unpack_sf.o)
 .debug_loc     0x00003b41       0x50 /usr/local/avr/lib/gcc/avr/4.4.3/avr5/libgcc.a(_fpcmp_parts_sf.o)
 .debug_loc     0x00003b91      0x320 /usr/local/avr/lib/gcc/avr/4.4.3/../../../../avr/lib/avr5/libc.a(malloc.o)
 .debug_loc     0x00003eb1       0x74 /usr/local/avr/lib/gcc/avr/4.4.3/../../../../avr/lib/avr5/libc.a(random.o)
 .debug_loc     0x00003f25      0x350 /usr/local/avr/lib/gcc/avr/4.4.3/../../../../avr/lib/avr5/libc.a(realloc.o)

.debug_macinfo
 *(.debug_macinfo)
OUTPUT(bin/Debug/arduino_core_libs.elf elf32-avr)
LOAD linker stubs

.debug_ranges   0x00000000      0x550
 .debug_ranges  0x00000000       0x80 obj/Debug/HardwareSerial.o
 .debug_ranges  0x00000080       0xc8 obj/Debug/Print.o
 .debug_ranges  0x00000148       0x60 obj/Debug/Tone.o
 .debug_ranges  0x000001a8       0x30 obj/Debug/WInterrupts.o
 .debug_ranges  0x000001d8       0x40 obj/Debug/WMath.o
 .debug_ranges  0x00000218      0x1c8 obj/Debug/WString.o
 .debug_ranges  0x000003e0       0x20 obj/Debug/main.o
 .debug_ranges  0x00000400       0x40 obj/Debug/wiring.o
 .debug_ranges  0x00000440       0x28 obj/Debug/wiring_analog.o
 .debug_ranges  0x00000468       0x30 obj/Debug/wiring_digital.o
 .debug_ranges  0x00000498       0x18 obj/Debug/wiring_pulse.o
 .debug_ranges  0x000004b0       0x20 obj/Debug/wiring_shift.o
 .debug_ranges  0x000004d0       0x18 /usr/local/avr/lib/gcc/avr/4.4.3/avr5/libgcc.a(_mul_sf.o)
 .debug_ranges  0x000004e8       0x20 /usr/local/avr/lib/gcc/avr/4.4.3/../../../../avr/lib/avr5/libc.a(malloc.o)
 .debug_ranges  0x00000508       0x30 /usr/local/avr/lib/gcc/avr/4.4.3/../../../../avr/lib/avr5/libc.a(random.o)
 .debug_ranges  0x00000538       0x18 /usr/local/avr/lib/gcc/avr/4.4.3/../../../../avr/lib/avr5/libc.a(realloc.o)

Cross Reference Table

Symbol                                            File
HardwareSerial::HardwareSerial(ring_buffer*, unsigned char volatile*, unsigned char volatile*, unsigned char volatile*, unsigned char volatile*, unsigned char volatile*, unsigned char, unsigned char, unsigned char, unsigned char, unsigned char) obj/Debug/HardwareSerial.o
HardwareSerial::HardwareSerial(ring_buffer*, unsigned char volatile*, unsigned char volatile*, unsigned char volatile*, unsigned char volatile*, unsigned char volatile*, unsigned char, unsigned char, unsigned char, unsigned char, unsigned char) obj/Debug/HardwareSerial.o
HardwareSerial::available()                       obj/Debug/HardwareSerial.o
HardwareSerial::begin(long)                       obj/Debug/HardwareSerial.o
HardwareSerial::end()                             obj/Debug/HardwareSerial.o
HardwareSerial::flush()                           obj/Debug/HardwareSerial.o
HardwareSerial::peek()                            obj/Debug/HardwareSerial.o
HardwareSerial::read()                            obj/Debug/HardwareSerial.o
HardwareSerial::write(unsigned char)              obj/Debug/HardwareSerial.o
Print::print(String const&)                       obj/Debug/Print.o
Print::print(char const*)                         obj/Debug/Print.o
Print::print(char, int)                           obj/Debug/Print.o
Print::print(double, int)                         obj/Debug/Print.o
Print::print(int, int)                            obj/Debug/Print.o
Print::print(long, int)                           obj/Debug/Print.o
Print::print(unsigned char, int)                  obj/Debug/Print.o
Print::print(unsigned int, int)                   obj/Debug/Print.o
Print::print(unsigned long, int)                  obj/Debug/Print.o
Print::printFloat(double, unsigned char)          obj/Debug/Print.o
Print::printNumber(unsigned long, unsigned char)  obj/Debug/Print.o
Print::println()                                  obj/Debug/Print.o
Print::println(String const&)                     obj/Debug/Print.o
Print::println(char const*)                       obj/Debug/Print.o
Print::println(char, int)                         obj/Debug/Print.o
Print::println(double, int)                       obj/Debug/Print.o
Print::println(int, int)                          obj/Debug/Print.o
Print::println(long, int)                         obj/Debug/Print.o
Print::println(unsigned char, int)                obj/Debug/Print.o
Print::println(unsigned int, int)                 obj/Debug/Print.o
Print::println(unsigned long, int)                obj/Debug/Print.o
Print::write(char const*)                         obj/Debug/Print.o
                                                  obj/Debug/HardwareSerial.o
Print::write(unsigned char const*, unsigned int)  obj/Debug/Print.o
                                                  obj/Debug/HardwareSerial.o
Serial                                            obj/Debug/HardwareSerial.o
String::String(String const&)                     obj/Debug/WString.o
String::String(String const&)                     obj/Debug/WString.o
String::String(char const*)                       obj/Debug/WString.o
String::String(char const*)                       obj/Debug/WString.o
String::String(char)                              obj/Debug/WString.o
String::String(char)                              obj/Debug/WString.o
String::String(int, int)                          obj/Debug/WString.o
String::String(int, int)                          obj/Debug/WString.o
String::String(long, int)                         obj/Debug/WString.o
String::String(long, int)                         obj/Debug/WString.o
String::String(unsigned char)                     obj/Debug/WString.o
String::String(unsigned char)                     obj/Debug/WString.o
String::String(unsigned int, int)                 obj/Debug/WString.o
String::String(unsigned int, int)                 obj/Debug/WString.o
String::String(unsigned long, int)                obj/Debug/WString.o
String::String(unsigned long, int)                obj/Debug/WString.o
String::charAt(unsigned int) const                obj/Debug/WString.o
String::compareTo(String const&) const            obj/Debug/WString.o
String::concat(String const&)                     obj/Debug/WString.o
String::endsWith(String const&) const             obj/Debug/WString.o
String::equals(String const&) const               obj/Debug/WString.o
String::equalsIgnoreCase(String const&) const     obj/Debug/WString.o
String::getBuffer(unsigned int)                   obj/Debug/WString.o
String::getBytes(unsigned char*, unsigned int)    obj/Debug/WString.o
String::indexOf(String const&) const              obj/Debug/WString.o
String::indexOf(String const&, unsigned int) const obj/Debug/WString.o
String::indexOf(char) const                       obj/Debug/WString.o
String::indexOf(char, unsigned int) const         obj/Debug/WString.o
String::lastIndexOf(String const&) const          obj/Debug/WString.o
String::lastIndexOf(String const&, unsigned int) const obj/Debug/WString.o
String::lastIndexOf(char) const                   obj/Debug/WString.o
String::lastIndexOf(char, unsigned int) const     obj/Debug/WString.o
String::operator!=(String const&) const           obj/Debug/WString.o
String::operator+=(String const&)                 obj/Debug/WString.o
String::operator<(String const&) const            obj/Debug/WString.o
String::operator<=(String const&) const           obj/Debug/WString.o
String::operator=(String const&)                  obj/Debug/WString.o
String::operator==(String const&) const           obj/Debug/WString.o
String::operator>(String const&) const            obj/Debug/WString.o
String::operator>=(String const&) const           obj/Debug/WString.o
String::operator[](unsigned int)                  obj/Debug/WString.o
String::operator[](unsigned int) const            obj/Debug/WString.o
                                                  obj/Debug/Print.o
String::replace(String const&, String const&)     obj/Debug/WString.o
String::replace(char, char)                       obj/Debug/WString.o
String::setCharAt(unsigned int, char)             obj/Debug/WString.o
String::startsWith(String const&) const           obj/Debug/WString.o
String::startsWith(String const&, unsigned int) const obj/Debug/WString.o
String::substring(unsigned int) const             obj/Debug/WString.o
String::substring(unsigned int, unsigned int) const obj/Debug/WString.o
String::toCharArray(char*, unsigned int)          obj/Debug/WString.o
String::toInt()                                   obj/Debug/WString.o
String::toLowerCase() const                       obj/Debug/WString.o
String::toUpperCase() const                       obj/Debug/WString.o
String::trim() const                              obj/Debug/WString.o
String::~String()                                 obj/Debug/WString.o
__addsf3                                          /usr/local/avr/lib/gcc/avr/4.4.3/avr5/libgcc.a(_addsub_sf.o)
                                                  obj/Debug/Print.o
__bad_interrupt                                   /usr/local/avr/lib/gcc/avr/4.4.3/../../../../avr/lib/avr5/crtm168p.o
__brkval                                          /usr/local/avr/lib/gcc/avr/4.4.3/../../../../avr/lib/avr5/libc.a(realloc.o)
                                                  /usr/local/avr/lib/gcc/avr/4.4.3/../../../../avr/lib/avr5/libc.a(malloc.o)
__bss_end                                         /usr/local/avr/lib/gcc/avr/4.4.3/avr5/libgcc.a(_clear_bss.o)
__bss_start                                       /usr/local/avr/lib/gcc/avr/4.4.3/avr5/libgcc.a(_clear_bss.o)
__clz_tab                                         /usr/local/avr/lib/gcc/avr/4.4.3/avr5/libgcc.a(_clz.o)
                                                  /usr/local/avr/lib/gcc/avr/4.4.3/avr5/libgcc.a(_clzsi2.o)
__clzsi2                                          /usr/local/avr/lib/gcc/avr/4.4.3/avr5/libgcc.a(_clzsi2.o)
                                                  /usr/local/avr/lib/gcc/avr/4.4.3/avr5/libgcc.a(_usi_to_sf.o)
                                                  /usr/local/avr/lib/gcc/avr/4.4.3/avr5/libgcc.a(_si_to_sf.o)
__ctors_end                                       /usr/local/avr/lib/gcc/avr/4.4.3/avr5/libgcc.a(_ctors.o)
__ctors_start                                     /usr/local/avr/lib/gcc/avr/4.4.3/avr5/libgcc.a(_ctors.o)
__ctype_isfalse                                   /usr/local/avr/lib/gcc/avr/4.4.3/../../../../avr/lib/avr5/libc.a(cty_isfalse.o)
                                                  /usr/local/avr/lib/gcc/avr/4.4.3/../../../../avr/lib/avr5/libc.a(isspace.o)
__ctype_istrue                                    /usr/local/avr/lib/gcc/avr/4.4.3/../../../../avr/lib/avr5/libc.a(cty_isfalse.o)
__cxa_pure_virtual                                obj/Debug/main.o
                                                  obj/Debug/Print.o
                                                  obj/Debug/HardwareSerial.o
__data_end                                        /usr/local/avr/lib/gcc/avr/4.4.3/avr5/libgcc.a(_copy_data.o)
__data_load_start                                 /usr/local/avr/lib/gcc/avr/4.4.3/avr5/libgcc.a(_copy_data.o)
__data_start                                      /usr/local/avr/lib/gcc/avr/4.4.3/avr5/libgcc.a(_copy_data.o)
__divmodsi4                                       /usr/local/avr/lib/gcc/avr/4.4.3/avr5/libgcc.a(_divmodsi4.o)
                                                  /usr/local/avr/lib/gcc/avr/4.4.3/../../../../avr/lib/avr5/libc.a(random.o)
                                                  obj/Debug/WMath.o
__divsf3                                          /usr/local/avr/lib/gcc/avr/4.4.3/avr5/libgcc.a(_div_sf.o)
                                                  obj/Debug/Print.o
__do_clear_bss                                    /usr/local/avr/lib/gcc/avr/4.4.3/avr5/libgcc.a(_clear_bss.o)
                                                  /usr/local/avr/lib/gcc/avr/4.4.3/../../../../avr/lib/avr5/libc.a(malloc.o)
                                                  obj/Debug/wiring.o
                                                  obj/Debug/WString.o
                                                  obj/Debug/WInterrupts.o
                                                  obj/Debug/Tone.o
                                                  obj/Debug/HardwareSerial.o
__do_copy_data                                    /usr/local/avr/lib/gcc/avr/4.4.3/avr5/libgcc.a(_copy_data.o)
                                                  /usr/local/avr/lib/gcc/avr/4.4.3/../../../../avr/lib/avr5/libc.a(random.o)
                                                  /usr/local/avr/lib/gcc/avr/4.4.3/../../../../avr/lib/avr5/libc.a(malloc.o)
                                                  /usr/local/avr/lib/gcc/avr/4.4.3/avr5/libgcc.a(_clz.o)
                                                  /usr/local/avr/lib/gcc/avr/4.4.3/avr5/libgcc.a(_thenan_sf.o)
                                                  obj/Debug/wiring_analog.o
                                                  obj/Debug/WString.o
                                                  obj/Debug/Tone.o
                                                  obj/Debug/Print.o
                                                  obj/Debug/HardwareSerial.o
__do_global_ctors                                 /usr/local/avr/lib/gcc/avr/4.4.3/avr5/libgcc.a(_ctors.o)
                                                  obj/Debug/HardwareSerial.o
__epilogue_restores__                             /usr/local/avr/lib/gcc/avr/4.4.3/avr5/libgcc.a(_epilogue.o)
                                                  /usr/local/avr/lib/gcc/avr/4.4.3/../../../../avr/lib/avr5/libc.a(realloc.o)
                                                  /usr/local/avr/lib/gcc/avr/4.4.3/../../../../avr/lib/avr5/libc.a(random.o)
                                                  /usr/local/avr/lib/gcc/avr/4.4.3/../../../../avr/lib/avr5/libc.a(malloc.o)
                                                  /usr/local/avr/lib/gcc/avr/4.4.3/avr5/libgcc.a(_usi_to_sf.o)
                                                  /usr/local/avr/lib/gcc/avr/4.4.3/avr5/libgcc.a(_sf_to_si.o)
                                                  /usr/local/avr/lib/gcc/avr/4.4.3/avr5/libgcc.a(_si_to_sf.o)