Archive member included because of file (symbol)

../arduino_core_libs/core.a(wiring_digital.o)
                              obj/Debug/main.o (pinMode)
../arduino_core_libs/core.a(wiring.o)
                              obj/Debug/main.o (delay)
../arduino_core_libs/core.a(pins_arduino.o)
                              ../arduino_core_libs/core.a(wiring_digital.o) (port_to_mode_PGM)
/usr/local/avr/lib/gcc/avr/4.4.3/avr5/libgcc.a(_exit.o)
                              /usr/local/avr/lib/gcc/avr/4.4.3/../../../../avr/lib/avr5/crtm168p.o (exit)
/usr/local/avr/lib/gcc/avr/4.4.3/avr5/libgcc.a(_copy_data.o)
                              obj/Debug/main.o (__do_copy_data)
/usr/local/avr/lib/gcc/avr/4.4.3/avr5/libgcc.a(_clear_bss.o)
                              ../arduino_core_libs/core.a(wiring.o) (__do_clear_bss)

Discarded input sections

 .data          0x00000000        0x0 /usr/local/avr/lib/gcc/avr/4.4.3/../../../../avr/lib/avr5/crtm168p.o
 .bss           0x00000000        0x0 /usr/local/avr/lib/gcc/avr/4.4.3/../../../../avr/lib/avr5/crtm168p.o
 .text          0x00000000        0x0 obj/Debug/main.o
 .data          0x00000000        0x0 obj/Debug/main.o
 .bss           0x00000000        0x0 obj/Debug/main.o
 .text.__cxa_pure_virtual
                0x00000000        0x4 obj/Debug/main.o
 .text          0x00000000        0x0 ../arduino_core_libs/core.a(wiring_digital.o)
 .data          0x00000000        0x0 ../arduino_core_libs/core.a(wiring_digital.o)
 .bss           0x00000000        0x0 ../arduino_core_libs/core.a(wiring_digital.o)
 .text.digitalRead
                0x00000000       0x58 ../arduino_core_libs/core.a(wiring_digital.o)
 .text          0x00000000        0x0 ../arduino_core_libs/core.a(wiring.o)
 .data          0x00000000        0x0 ../arduino_core_libs/core.a(wiring.o)
 .bss           0x00000000        0x0 ../arduino_core_libs/core.a(wiring.o)
 .text.millis   0x00000000       0x1c ../arduino_core_libs/core.a(wiring.o)
 .text.delayMicroseconds
                0x00000000       0x14 ../arduino_core_libs/core.a(wiring.o)
 .text          0x00000000        0x0 ../arduino_core_libs/core.a(pins_arduino.o)
 .data          0x00000000        0x0 ../arduino_core_libs/core.a(pins_arduino.o)
 .bss           0x00000000        0x0 ../arduino_core_libs/core.a(pins_arduino.o)
 .text          0x00000000        0x0 /usr/local/avr/lib/gcc/avr/4.4.3/avr5/libgcc.a(_exit.o)
 .data          0x00000000        0x0 /usr/local/avr/lib/gcc/avr/4.4.3/avr5/libgcc.a(_exit.o)
 .bss           0x00000000        0x0 /usr/local/avr/lib/gcc/avr/4.4.3/avr5/libgcc.a(_exit.o)
 .text.libgcc   0x00000000        0x0 /usr/local/avr/lib/gcc/avr/4.4.3/avr5/libgcc.a(_exit.o)
 .text          0x00000000        0x0 /usr/local/avr/lib/gcc/avr/4.4.3/avr5/libgcc.a(_copy_data.o)
 .data          0x00000000        0x0 /usr/local/avr/lib/gcc/avr/4.4.3/avr5/libgcc.a(_copy_data.o)
 .bss           0x00000000        0x0 /usr/local/avr/lib/gcc/avr/4.4.3/avr5/libgcc.a(_copy_data.o)
 .text.libgcc   0x00000000        0x0 /usr/local/avr/lib/gcc/avr/4.4.3/avr5/libgcc.a(_copy_data.o)
 .text          0x00000000        0x0 /usr/local/avr/lib/gcc/avr/4.4.3/avr5/libgcc.a(_clear_bss.o)
 .data          0x00000000        0x0 /usr/local/avr/lib/gcc/avr/4.4.3/avr5/libgcc.a(_clear_bss.o)
 .bss           0x00000000        0x0 /usr/local/avr/lib/gcc/avr/4.4.3/avr5/libgcc.a(_clear_bss.o)
 .text.libgcc   0x00000000        0x0 /usr/local/avr/lib/gcc/avr/4.4.3/avr5/libgcc.a(_clear_bss.o)

Memory Configuration

Name             Origin             Length             Attributes
text             0x00000000         0x00020000         xr
data             0x00800060         0x0000ffa0         rw !x
eeprom           0x00810000         0x00010000         rw !x
fuse             0x00820000         0x00000400         rw !x
lock             0x00830000         0x00000400         rw !x
signature        0x00840000         0x00000400         rw !x
*default*        0x00000000         0xffffffff

Linker script and memory map

Address of section .data set to 0x800100
LOAD /usr/local/avr/lib/gcc/avr/4.4.3/../../../../avr/lib/avr5/crtm168p.o
LOAD obj/Debug/main.o
LOAD ../arduino_core_libs/core.a
LOAD /usr/local/avr/avr/lib/libm.a
LOAD /usr/local/avr/lib/gcc/avr/4.4.3/avr5/libgcc.a
LOAD /usr/local/avr/lib/gcc/avr/4.4.3/../../../../avr/lib/avr5/libm.a
LOAD /usr/local/avr/lib/gcc/avr/4.4.3/avr5/libgcc.a
LOAD /usr/local/avr/lib/gcc/avr/4.4.3/../../../../avr/lib/avr5/libc.a
LOAD /usr/local/avr/lib/gcc/avr/4.4.3/avr5/libgcc.a

.hash
 *(.hash)

.dynsym
 *(.dynsym)

.dynstr
 *(.dynstr)

.gnu.version
 *(.gnu.version)

.gnu.version_d
 *(.gnu.version_d)

.gnu.version_r
 *(.gnu.version_r)

.rel.init
 *(.rel.init)

.rela.init
 *(.rela.init)

.rel.text
 *(.rel.text)
 *(.rel.text.*)
 *(.rel.gnu.linkonce.t*)

.rela.text
 *(.rela.text)
 *(.rela.text.*)
 *(.rela.gnu.linkonce.t*)

.rel.fini
 *(.rel.fini)

.rela.fini
 *(.rela.fini)

.rel.rodata
 *(.rel.rodata)
 *(.rel.rodata.*)
 *(.rel.gnu.linkonce.r*)

.rela.rodata
 *(.rela.rodata)
 *(.rela.rodata.*)
 *(.rela.gnu.linkonce.r*)

.rel.data
 *(.rel.data)
 *(.rel.data.*)
 *(.rel.gnu.linkonce.d*)

.rela.data
 *(.rela.data)
 *(.rela.data.*)
 *(.rela.gnu.linkonce.d*)

.rel.ctors
 *(.rel.ctors)

.rela.ctors
 *(.rela.ctors)

.rel.dtors
 *(.rel.dtors)

.rela.dtors
 *(.rela.dtors)

.rel.got
 *(.rel.got)

.rela.got
 *(.rela.got)

.rel.bss
 *(.rel.bss)

.rela.bss
 *(.rela.bss)

.rel.plt
 *(.rel.plt)

.rela.plt
 *(.rela.plt)

.text           0x00000000      0x402
 *(.vectors)
 .vectors       0x00000000       0x68 /usr/local/avr/lib/gcc/avr/4.4.3/../../../../avr/lib/avr5/crtm168p.o
                0x00000000                __vectors
                0x00000000                __vector_default
 *(.vectors)
 *(.progmem.gcc*)
 *(.progmem*)
 .progmem.data  0x00000068       0x5a ../arduino_core_libs/core.a(pins_arduino.o)
                0x00000068                port_to_mode_PGM
                0x00000072                port_to_output_PGM
                0x0000007c                port_to_input_PGM
                0x00000086                digital_pin_to_port_PGM
                0x0000009a                digital_pin_to_bit_mask_PGM
                0x000000ae                digital_pin_to_timer_PGM
                0x000000c2                . = ALIGN (0x2)
                0x000000c2                __trampolines_start = .
 *(.trampolines)
 .trampolines   0x000000c2        0x0 linker stubs
 *(.trampolines*)
                0x000000c2                __trampolines_end = .
 *(.jumptables)
 *(.jumptables*)
 *(.lowtext)
 *(.lowtext*)
                0x000000c2                __ctors_start = .
 *(.ctors)
                0x000000c2                __ctors_end = .
                0x000000c2                __dtors_start = .
 *(.dtors)
                0x000000c2                __dtors_end = .
 SORT(*)(.ctors)
 SORT(*)(.dtors)
 *(.init0)
 .init0         0x000000c2        0x0 /usr/local/avr/lib/gcc/avr/4.4.3/../../../../avr/lib/avr5/crtm168p.o
                0x000000c2                __init
 *(.init0)
 *(.init1)
 *(.init1)
 *(.init2)
 .init2         0x000000c2        0xc /usr/local/avr/lib/gcc/avr/4.4.3/../../../../avr/lib/avr5/crtm168p.o
 *(.init2)
 *(.init3)
 *(.init3)
 *(.init4)
 .init4         0x000000ce       0x16 /usr/local/avr/lib/gcc/avr/4.4.3/avr5/libgcc.a(_copy_data.o)
                0x000000ce                __do_copy_data
 .init4         0x000000e4       0x10 /usr/local/avr/lib/gcc/avr/4.4.3/avr5/libgcc.a(_clear_bss.o)
                0x000000e4                __do_clear_bss
 *(.init4)
 *(.init5)
 *(.init5)
 *(.init6)
 *(.init6)
 *(.init7)
 *(.init7)
 *(.init8)
 *(.init8)
 *(.init9)
 .init9         0x000000f4        0x8 /usr/local/avr/lib/gcc/avr/4.4.3/../../../../avr/lib/avr5/crtm168p.o
 *(.init9)
 *(.text)
 .text          0x000000fc        0x4 /usr/local/avr/lib/gcc/avr/4.4.3/../../../../avr/lib/avr5/crtm168p.o
                0x000000fc                __vector_22
                0x000000fc                __vector_1
                0x000000fc                __vector_24
                0x000000fc                __vector_12
                0x000000fc                __bad_interrupt
                0x000000fc                __vector_6
                0x000000fc                __vector_3
                0x000000fc                __vector_23
                0x000000fc                __vector_25
                0x000000fc                __vector_11
                0x000000fc                __vector_13
                0x000000fc                __vector_17
                0x000000fc                __vector_19
                0x000000fc                __vector_7
                0x000000fc                __vector_5
                0x000000fc                __vector_4
                0x000000fc                __vector_9
                0x000000fc                __vector_2
                0x000000fc                __vector_21
                0x000000fc                __vector_15
                0x000000fc                __vector_8
                0x000000fc                __vector_14
                0x000000fc                __vector_10
                0x000000fc                __vector_18
                0x000000fc                __vector_20
                0x00000100                . = ALIGN (0x2)
 *(.text.*)
 .text.loop     0x00000100       0x2e obj/Debug/main.o
                0x00000100                loop
 .text.setup    0x0000012e        0xc obj/Debug/main.o
                0x0000012e                setup
 .text.main     0x0000013a        0xe obj/Debug/main.o
                0x0000013a                main
 .text.pinMode  0x00000148       0x4a ../arduino_core_libs/core.a(wiring_digital.o)
                0x00000148                pinMode
 .text.turnOffPWM
                0x00000192       0x5a ../arduino_core_libs/core.a(wiring_digital.o)
 .text.digitalWrite
                0x000001ec       0x72 ../arduino_core_libs/core.a(wiring_digital.o)
                0x000001ec                digitalWrite
 .text.__vector_16
                0x0000025e       0x90 ../arduino_core_libs/core.a(wiring.o)
                0x0000025e                __vector_16
 .text.micros   0x000002ee       0x4c ../arduino_core_libs/core.a(wiring.o)
                0x000002ee                micros
 .text.delay    0x0000033a       0x4e ../arduino_core_libs/core.a(wiring.o)
                0x0000033a                delay
 .text.init     0x00000388       0x76 ../arduino_core_libs/core.a(wiring.o)
                0x00000388                init
                0x000003fe                . = ALIGN (0x2)
 *(.fini9)
 .fini9         0x000003fe        0x0 /usr/local/avr/lib/gcc/avr/4.4.3/avr5/libgcc.a(_exit.o)
                0x000003fe                exit
                0x000003fe                _exit
 *(.fini9)
 *(.fini8)
 *(.fini8)
 *(.fini7)
 *(.fini7)
 *(.fini6)
 *(.fini6)
 *(.fini5)
 *(.fini5)
 *(.fini4)
 *(.fini4)
 *(.fini3)
 *(.fini3)
 *(.fini2)
 *(.fini2)
 *(.fini1)
 *(.fini1)
 *(.fini0)
 .fini0         0x000003fe        0x4 /usr/local/avr/lib/gcc/avr/4.4.3/avr5/libgcc.a(_exit.o)
 *(.fini0)
                0x00000402                _etext = .

.data           0x00800100        0x2 load address 0x00000402
                0x00800100                PROVIDE (__data_start, .)
 *(.data)
 *(.data*)
 .data.led_pin  0x00800100        0x1 obj/Debug/main.o
                0x00800100                led_pin
 *(.rodata)
 *(.rodata*)
 *(.gnu.linkonce.d*)
                0x00800102                . = ALIGN (0x2)
 *fill*         0x00800101        0x1 00
                0x00800102                _edata = .
                0x00800102                PROVIDE (__data_end, .)

.bss            0x00800102        0x9
                0x00800102                PROVIDE (__bss_start, .)
 *(.bss)
 *(.bss*)
 .bss.timer0_overflow_count
                0x00800102        0x4 ../arduino_core_libs/core.a(wiring.o)
                0x00800102                timer0_overflow_count
 .bss.timer0_millis
                0x00800106        0x4 ../arduino_core_libs/core.a(wiring.o)
                0x00800106                timer0_millis
 .bss.timer0_fract
                0x0080010a        0x1 ../arduino_core_libs/core.a(wiring.o)
 *(COMMON)
                0x0080010b                PROVIDE (__bss_end, .)
                0x00000402                __data_load_start = LOADADDR (.data)
                0x00000404                __data_load_end = (__data_load_start + SIZEOF (.data))

.noinit         0x0080010b        0x0
                0x0080010b                PROVIDE (__noinit_start, .)
 *(.noinit*)
                0x0080010b                PROVIDE (__noinit_end, .)
                0x0080010b                _end = .
                0x0080010b                PROVIDE (__heap_start, .)

.eeprom         0x00810000        0x0
 *(.eeprom*)
                0x00810000                __eeprom_end = .

.fuse
 *(.fuse)
 *(.lfuse)
 *(.hfuse)
 *(.efuse)

.lock
 *(.lock*)

.signature
 *(.signature*)

.stab           0x00000000      0x6cc
 *(.stab)
 .stab          0x00000000      0x6cc /usr/local/avr/lib/gcc/avr/4.4.3/../../../../avr/lib/avr5/crtm168p.o

.stabstr        0x00000000       0x70
 *(.stabstr)
 .stabstr       0x00000000       0x70 /usr/local/avr/lib/gcc/avr/4.4.3/../../../../avr/lib/avr5/crtm168p.o

.stab.excl
 *(.stab.excl)

.stab.exclstr
 *(.stab.exclstr)

.stab.index
 *(.stab.index)

.stab.indexstr
 *(.stab.indexstr)

.comment
 *(.comment)

.debug
 *(.debug)

.line
 *(.line)

.debug_srcinfo
 *(.debug_srcinfo)

.debug_sfnames
 *(.debug_sfnames)

.debug_aranges  0x00000000       0xb8
 *(.debug_aranges)
 .debug_aranges
                0x00000000       0x38 obj/Debug/main.o
 .debug_aranges
                0x00000038       0x38 ../arduino_core_libs/core.a(wiring_digital.o)
 .debug_aranges
                0x00000070       0x48 ../arduino_core_libs/core.a(wiring.o)

.debug_pubnames
                0x00000000      0x1ca
 *(.debug_pubnames)
 .debug_pubnames
                0x00000000       0x51 obj/Debug/main.o
 .debug_pubnames
                0x00000051       0x3f ../arduino_core_libs/core.a(wiring_digital.o)
 .debug_pubnames
                0x00000090       0x8d ../arduino_core_libs/core.a(wiring.o)
 .debug_pubnames
                0x0000011d       0xad ../arduino_core_libs/core.a(pins_arduino.o)

.debug_info     0x00000000      0x927
 *(.debug_info)
 .debug_info    0x00000000      0x133 obj/Debug/main.o
 .debug_info    0x00000133      0x4ad ../arduino_core_libs/core.a(wiring_digital.o)
 .debug_info    0x000005e0      0x1df ../arduino_core_libs/core.a(wiring.o)
 .debug_info    0x000007bf      0x168 ../arduino_core_libs/core.a(pins_arduino.o)
 *(.gnu.linkonce.wi.*)

.debug_abbrev   0x00000000      0x345
 *(.debug_abbrev)
 .debug_abbrev  0x00000000       0x88 obj/Debug/main.o
 .debug_abbrev  0x00000088      0x154 ../arduino_core_libs/core.a(wiring_digital.o)
 .debug_abbrev  0x000001dc       0xe1 ../arduino_core_libs/core.a(wiring.o)
 .debug_abbrev  0x000002bd       0x88 ../arduino_core_libs/core.a(pins_arduino.o)

.debug_line     0x00000000      0x6c8
 *(.debug_line)
 .debug_line    0x00000000      0x13d obj/Debug/main.o
 .debug_line    0x0000013d      0x241 ../arduino_core_libs/core.a(wiring_digital.o)
 .debug_line    0x0000037e      0x2a3 ../arduino_core_libs/core.a(wiring.o)
 .debug_line    0x00000621       0xa7 ../arduino_core_libs/core.a(pins_arduino.o)

.debug_frame    0x00000000      0x110
 *(.debug_frame)
 .debug_frame   0x00000000       0x50 obj/Debug/main.o
 .debug_frame   0x00000050       0x50 ../arduino_core_libs/core.a(wiring_digital.o)
 .debug_frame   0x000000a0       0x70 ../arduino_core_libs/core.a(wiring.o)

.debug_str      0x00000000      0x2bd
 *(.debug_str)
 .debug_str     0x00000000       0xd9 obj/Debug/main.o
                                0x112 (size before relaxing)
 .debug_str     0x000000d9      0x165 ../arduino_core_libs/core.a(wiring_digital.o)
                                0x1d9 (size before relaxing)
 .debug_str     0x0000023e       0x70 ../arduino_core_libs/core.a(wiring.o)
                                0x164 (size before relaxing)
 .debug_str     0x000002ae        0xf ../arduino_core_libs/core.a(pins_arduino.o)
                                0x181 (size before relaxing)

.debug_loc      0x00000000      0x2ca
 *(.debug_loc)
 .debug_loc     0x00000000      0x1cd ../arduino_core_libs/core.a(wiring_digital.o)
 .debug_loc     0x000001cd       0xfd ../arduino_core_libs/core.a(wiring.o)

.debug_macinfo
 *(.debug_macinfo)
OUTPUT(bin/Debug/arduino_main_test.elf elf32-avr)
LOAD linker stubs

.debug_ranges   0x00000000       0xa0
 .debug_ranges  0x00000000       0x30 obj/Debug/main.o
 .debug_ranges  0x00000030       0x30 ../arduino_core_libs/core.a(wiring_digital.o)
 .debug_ranges  0x00000060       0x40 ../arduino_core_libs/core.a(wiring.o)

Cross Reference Table

Symbol                                            File
__bad_interrupt                                   /usr/local/avr/lib/gcc/avr/4.4.3/../../../../avr/lib/avr5/crtm168p.o
__bss_end                                         /usr/local/avr/lib/gcc/avr/4.4.3/avr5/libgcc.a(_clear_bss.o)
__bss_start                                       /usr/local/avr/lib/gcc/avr/4.4.3/avr5/libgcc.a(_clear_bss.o)
__cxa_pure_virtual                                obj/Debug/main.o
__data_end                                        /usr/local/avr/lib/gcc/avr/4.4.3/avr5/libgcc.a(_copy_data.o)
__data_load_start                                 /usr/local/avr/lib/gcc/avr/4.4.3/avr5/libgcc.a(_copy_data.o)
__data_start                                      /usr/local/avr/lib/gcc/avr/4.4.3/avr5/libgcc.a(_copy_data.o)
__do_clear_bss                                    /usr/local/avr/lib/gcc/avr/4.4.3/avr5/libgcc.a(_clear_bss.o)
                                                  ../arduino_core_libs/core.a(wiring.o)
__do_copy_data                                    /usr/local/avr/lib/gcc/avr/4.4.3/avr5/libgcc.a(_copy_data.o)
                                                  obj/Debug/main.o
__heap_end                                        /usr/local/avr/lib/gcc/avr/4.4.3/../../../../avr/lib/avr5/crtm168p.o
__init                                            /usr/local/avr/lib/gcc/avr/4.4.3/../../../../avr/lib/avr5/crtm168p.o
__stack                                           /usr/local/avr/lib/gcc/avr/4.4.3/../../../../avr/lib/avr5/crtm168p.o
__vector_1                                        /usr/local/avr/lib/gcc/avr/4.4.3/../../../../avr/lib/avr5/crtm168p.o
__vector_10                                       /usr/local/avr/lib/gcc/avr/4.4.3/../../../../avr/lib/avr5/crtm168p.o
__vector_11                                       /usr/local/avr/lib/gcc/avr/4.4.3/../../../../avr/lib/avr5/crtm168p.o
__vector_12                                       /usr/local/avr/lib/gcc/avr/4.4.3/../../../../avr/lib/avr5/crtm168p.o
__vector_13                                       /usr/local/avr/lib/gcc/avr/4.4.3/../../../../avr/lib/avr5/crtm168p.o
__vector_14                                       /usr/local/avr/lib/gcc/avr/4.4.3/../../../../avr/lib/avr5/crtm168p.o
__vector_15                                       /usr/local/avr/lib/gcc/avr/4.4.3/../../../../avr/lib/avr5/crtm168p.o
__vector_16                                       ../arduino_core_libs/core.a(wiring.o)
                                                  /usr/local/avr/lib/gcc/avr/4.4.3/../../../../avr/lib/avr5/crtm168p.o
__vector_17                                       /usr/local/avr/lib/gcc/avr/4.4.3/../../../../avr/lib/avr5/crtm168p.o
__vector_18                                       /usr/local/avr/lib/gcc/avr/4.4.3/../../../../avr/lib/avr5/crtm168p.o
__vector_19                                       /usr/local/avr/lib/gcc/avr/4.4.3/../../../../avr/lib/avr5/crtm168p.o
__vector_2                                        /usr/local/avr/lib/gcc/avr/4.4.3/../../../../avr/lib/avr5/crtm168p.o
__vector_20                                       /usr/local/avr/lib/gcc/avr/4.4.3/../../../../avr/lib/avr5/crtm168p.o
__vector_21                                       /usr/local/avr/lib/gcc/avr/4.4.3/../../../../avr/lib/avr5/crtm168p.o
__vector_22                                       /usr/local/avr/lib/gcc/avr/4.4.3/../../../../avr/lib/avr5/crtm168p.o
__vector_23                                       /usr/local/avr/lib/gcc/avr/4.4.3/../../../../avr/lib/avr5/crtm168p.o
__vector_24                                       /usr/local/avr/lib/gcc/avr/4.4.3/../../../../avr/lib/avr5/crtm168p.o
__vector_25                                       /usr/local/avr/lib/gcc/avr/4.4.3/../../../../avr/lib/avr5/crtm168p.o
__vector_3                                        /usr/local/avr/lib/gcc/avr/4.4.3/../../../../avr/lib/avr5/crtm168p.o
__vector_4                                        /usr/local/avr/lib/gcc/avr/4.4.3/../../../../avr/lib/avr5/crtm168p.o
__vector_5                                        /usr/local/avr/lib/gcc/avr/4.4.3/../../../../avr/lib/avr5/crtm168p.o
__vector_6                                        /usr/local/avr/lib/gcc/avr/4.4.3/../../../../avr/lib/avr5/crtm168p.o
__vector_7                                        /usr/local/avr/lib/gcc/avr/4.4.3/../../../../avr/lib/avr5/crtm168p.o
__vector_8                                        /usr/local/avr/lib/gcc/avr/4.4.3/../../../../avr/lib/avr5/crtm168p.o
__vector_9                                        /usr/local/avr/lib/gcc/avr/4.4.3/../../../../avr/lib/avr5/crtm168p.o
__vector_default                                  /usr/local/avr/lib/gcc/avr/4.4.3/../../../../avr/lib/avr5/crtm168p.o
__vectors                                         /usr/local/avr/lib/gcc/avr/4.4.3/../../../../avr/lib/avr5/crtm168p.o
_exit                                             /usr/local/avr/lib/gcc/avr/4.4.3/avr5/libgcc.a(_exit.o)
delay                                             ../arduino_core_libs/core.a(wiring.o)
                                                  obj/Debug/main.o
delayMicroseconds                                 ../arduino_core_libs/core.a(wiring.o)
digitalRead                                       ../arduino_core_libs/core.a(wiring_digital.o)
digitalWrite                                      ../arduino_core_libs/core.a(wiring_digital.o)
                                                  obj/Debug/main.o
digital_pin_to_bit_mask_PGM                       ../arduino_core_libs/core.a(pins_arduino.o)
                                                  ../arduino_core_libs/core.a(wiring_digital.o)
digital_pin_to_port_PGM                           ../arduino_core_libs/core.a(pins_arduino.o)
                                                  ../arduino_core_libs/core.a(wiring_digital.o)
digital_pin_to_timer_PGM                          ../arduino_core_libs/core.a(pins_arduino.o)
                                                  ../arduino_core_libs/core.a(wiring_digital.o)
exit                                              /usr/local/avr/lib/gcc/avr/4.4.3/avr5/libgcc.a(_exit.o)
                                                  /usr/local/avr/lib/gcc/avr/4.4.3/../../../../avr/lib/avr5/crtm168p.o
init                                              ../arduino_core_libs/core.a(wiring.o)
                                                  obj/Debug/main.o
led_pin                                           obj/Debug/main.o
loop                                              obj/Debug/main.o
main                                              obj/Debug/main.o
                                                  /usr/local/avr/lib/gcc/avr/4.4.3/../../../../avr/lib/avr5/crtm168p.o
micros                                            ../arduino_core_libs/core.a(wiring.o)
millis                                            ../arduino_core_libs/core.a(wiring.o)
pinMode                                           ../arduino_core_libs/core.a(wiring_digital.o)
                                                  obj/Debug/main.o
port_to_input_PGM                                 ../arduino_core_libs/core.a(pins_arduino.o)
                                                  ../arduino_core_libs/core.a(wiring_digital.o)
port_to_mode_PGM                                  ../arduino_core_libs/core.a(pins_arduino.o)
                                                  ../arduino_core_libs/core.a(wiring_digital.o)
port_to_output_PGM                                ../arduino_core_libs/core.a(pins_arduino.o)
                                                  ../arduino_core_libs/core.a(wiring_digital.o)
setup                                             obj/Debug/main.o
timer0_millis                                     ../arduino_core_libs/core.a(wiring.o)
timer0_overflow_count                             ../arduino_core_libs/core.a(wiring.o)
